__extmap:m
__hash:B
__meta:G
_hash:Lb
_meta:eb
_next:Db
_rest:Ac
_seq:Xb
afn:J
afterRender:mc
arr:i
auto_run:tb
base:Bc
base_count:Sc
beforeFlush:nc
bitmap:ea
buf:Cc
buffer_:Eb
cached_hierarchy:oc
capped:Yb
captured:Dc
caught:Ec
chunk:fa
chunk_next:pc
ci:qc
cljs$core$APersistentVector$:Fc
cljs$core$Fn$:Tc
cljs$core$IAssociative$:cd
cljs$core$IAssociative$_assoc$arity$3:ja
cljs$core$IAssociative$_contains_key_QMARK_$arity$2:$a
cljs$core$IChunk$_drop_first$arity$1:Gc
cljs$core$IChunkedNext$_chunked_next$arity$1:rc
cljs$core$IChunkedSeq$:Gd
cljs$core$IChunkedSeq$_chunked_first$arity$1:Zb
cljs$core$IChunkedSeq$_chunked_rest$arity$1:yb
cljs$core$ICollection$:Hd
cljs$core$ICollection$_conj$arity$2:ba
cljs$core$ICounted$:Uc
cljs$core$ICounted$_count$arity$1:$
cljs$core$IDeref$:Vc
cljs$core$IDeref$_deref$arity$1:ab
cljs$core$IDrop$:Id
cljs$core$IDrop$_drop$arity$2:ub
cljs$core$IEditableCollection$:dd
cljs$core$IEditableCollection$_as_transient$arity$1:Mb
cljs$core$IEmptyableCollection$:ed
cljs$core$IEmptyableCollection$_empty$arity$1:ka
cljs$core$IEquiv$_equiv$arity$2:X
cljs$core$IFind$_find$arity$2:Nb
cljs$core$IFn$_invoke$arity$0:s
cljs$core$IFn$_invoke$arity$1:g
cljs$core$IFn$_invoke$arity$10:Ga
cljs$core$IFn$_invoke$arity$11:Ha
cljs$core$IFn$_invoke$arity$12:Ia
cljs$core$IFn$_invoke$arity$13:Ja
cljs$core$IFn$_invoke$arity$14:Ka
cljs$core$IFn$_invoke$arity$15:La
cljs$core$IFn$_invoke$arity$16:Ma
cljs$core$IFn$_invoke$arity$17:Na
cljs$core$IFn$_invoke$arity$18:Oa
cljs$core$IFn$_invoke$arity$19:Pa
cljs$core$IFn$_invoke$arity$2:h
cljs$core$IFn$_invoke$arity$20:Qa
cljs$core$IFn$_invoke$arity$21:vb
cljs$core$IFn$_invoke$arity$3:j
cljs$core$IFn$_invoke$arity$4:H
cljs$core$IFn$_invoke$arity$5:U
cljs$core$IFn$_invoke$arity$6:qa
cljs$core$IFn$_invoke$arity$7:Ra
cljs$core$IFn$_invoke$arity$8:ya
cljs$core$IFn$_invoke$arity$9:Sa
cljs$core$IFn$_invoke$arity$variadic:l
cljs$core$IHash$:Jd
cljs$core$IHash$_hash$arity$1:Y
cljs$core$IIndexed$:Wc
cljs$core$IIndexed$_nth$arity$2:ca
cljs$core$IIndexed$_nth$arity$3:Ta
cljs$core$IIterable$:Kd
cljs$core$IIterable$_iterator$arity$1:ra
cljs$core$IKVReduce$:fd
cljs$core$IKVReduce$_kv_reduce$arity$3:bb
cljs$core$IList$:Ld
cljs$core$ILookup$:gd
cljs$core$ILookup$_lookup$arity$2:la
cljs$core$ILookup$_lookup$arity$3:R
cljs$core$IMap$:Md
cljs$core$IMap$_dissoc$arity$2:gb
cljs$core$IMapEntry$:Nd
cljs$core$IMapEntry$_key$arity$1:hd
cljs$core$IMapEntry$_val$arity$1:jd
cljs$core$IMeta$:kd
cljs$core$IMeta$_meta$arity$1:S
cljs$core$IMultiFn$_add_method$arity$3:na
cljs$core$INamed$:ld
cljs$core$INamed$_name$arity$1:$b
cljs$core$INamed$_namespace$arity$1:ac
cljs$core$INext$:bc
cljs$core$INext$_next$arity$1:ma
cljs$core$IPending$:Od
cljs$core$IPending$_realized_QMARK_$arity$1:sc
cljs$core$IPrintWithWriter$:ia
cljs$core$IPrintWithWriter$_pr_writer$arity$3:V
cljs$core$IRecord$:Pd
cljs$core$IReduce$:md
cljs$core$IReduce$_reduce$arity$2:sa
cljs$core$IReduce$_reduce$arity$3:ta
cljs$core$IReset$_reset_BANG_$arity$2:hb
cljs$core$IReversible$:Qd
cljs$core$IReversible$_rseq$arity$1:cc
cljs$core$ISeq$:Ob
cljs$core$ISeq$_first$arity$1:ua
cljs$core$ISeq$_rest$arity$1:va
cljs$core$ISeqable$:nd
cljs$core$ISeqable$_seq$arity$1:Z
cljs$core$ISequential$:Xc
cljs$core$ISet$:Rd
cljs$core$ISet$_disjoin$arity$2:Yc
cljs$core$IStack$_peek$arity$1:Pb
cljs$core$IStack$_pop$arity$1:Qb
cljs$core$ISwap$_swap_BANG_$arity$2:Hc
cljs$core$ISwap$_swap_BANG_$arity$3:Ic
cljs$core$ISwap$_swap_BANG_$arity$4:Jc
cljs$core$ISwap$_swap_BANG_$arity$5:Kc
cljs$core$ITransientAssociative$_assoc_BANG_$arity$3:Rb
cljs$core$ITransientCollection$_conj_BANG_$arity$2:Sb
cljs$core$ITransientCollection$_persistent_BANG_$arity$1:dc
cljs$core$IVector$:Sd
cljs$core$IVector$_assoc_n$arity$3:Fb
cljs$core$IWatchable$_add_watch$arity$3:tc
cljs$core$IWatchable$_notify_watches$arity$3:Lc
cljs$core$IWatchable$_remove_watch$arity$2:uc
cljs$core$IWithMeta$_with_meta$arity$2:T
cljs$core$IWriter$_flush$arity$1:qb
cljs$core$IWriter$_write$arity$2:zb
cljs$lang$applyTo:D
cljs$lang$ctorPrWriter:Td
cljs$lang$ctorStr:Mc
cljs$lang$maxFixedArity:F
cljs$lang$protocol_mask$partition$:od
cljs$lang$protocol_mask$partition0$:o
cljs$lang$protocol_mask$partition1$:I
cljs$lang$test:Ud
cljs$lang$type:pd
cljs$pprint$IPrettyFlush$_ppflush$arity$1:Nc
cljs$test$IAsyncTest$:Vd
cljsMountOrder:qd
cnt:v
collision_hash:wb
componentQueue:vc
def:ib
default_dispatch_val:rd
dirty_QMARK_:Ab
dispatch_fn:K
done_nl:Ua
edit:da
editable_QMARK_:Tb
end_pos:M
ensure_editable:Gb
ext_map_iter:Zc
fields:Hb
fn:Ub
fqn:ga
func:jb
hasNext:oa
has_nil_QMARK_:za
hash_map:xb
hierarchy:wc
i:A
indent:Da
inode_assoc:kb
inode_assoc_BANG_:lb
inode_find:ec
inode_lookup:Bb
inode_seq:fc
inode_without:hc
intra_block_nl:Va
iter:Vb
kv_reduce:ic
last_was_whitespace_QMARK_:jc
lb:sd
len:Ib
logical_block:P
logical_block_callback:Wa
max_columns:Oc
meta:C
meta10327:td
meta10339:ud
meta10349:vd
meta10359:wd
meta6248:xd
meta8617:yd
meta9445:zd
method_cache:xc
method_table:yc
miser_width:Ad
more:mb
mseq:aa
next_entry:kc
next_iter:nb
nil_val:Aa
nocache_QMARK_:$c
nodes:ob
ns:lc
off:wa
on_dispose:ad
on_dispose_arr:Wd
on_set:Bd
params:pb
per_line_prefix:Xa
pos:rb
prefer_table:Cd
reagent$ratom$IDisposable$dispose_BANG_$arity$1:Dd
record:Ed
relative_to:cb
rest:xa
root_iter:bd
s:W
sb:Fd
scheduled_QMARK_:zc
section:Ya
seen:Pc
seq:sb
start_col:Ea
start_pos:N
str:Cb
suffix:Za
sym:Jb
tail:Fa
trailing_white_space:fb
transient_map:Kb
type_tag:O
v:pa
val:u
validator:Qc
vec:Ba
watches:Ca
watchesArr:Rc
watching:Wb
writer:ha
