JSCompiler_StaticMethods_assoc_BANG_:Eg
JSCompiler_StaticMethods_cljs$core$IMultiFn$_get_method$arity$2:Qh
JSCompiler_StaticMethods_cljs$core$ITransientVector$_assoc_n_BANG_$arity$3:Kf
JSCompiler_StaticMethods_forceChunk:Xg
JSCompiler_StaticMethods_sval:Yd
JSCompiler_prototypeAlias:g
L 0:a
L 1:b
L 10:n
L 11:q
L 12:u
L 13:y
L 14:D
L 15:G
L 16:H
L 17:M
L 18:O
L 19:Y
L 2:c
L 20:ua
L 21:Na
L 22:ab
L 23:cc
L 24:dc
L 25:qb
L 26:ya
L 27:Oa
L 28:la
L 29:ma
L 3:d
L 30:Ya
L 31:Gj
L 4:e
L 5:f
L 6:h
L 7:k
L 8:l
L 9:m
cached_hierarchy__5602__auto__$jscomp$inline_1521:Up
cached_hierarchy__5602__auto__$jscomp$inline_1555:lq
cljs$core$ArrayChunk:$d
cljs$core$ArrayNode:ng
cljs$core$ArrayNodeIterator:rg
cljs$core$ArrayNodeSeq:yg
cljs$core$Atom:He
cljs$core$BitmapIndexedNode:jg
cljs$core$BitmapIndexedNode$EMPTY:mg
cljs$core$Box:dg
cljs$core$ChunkBuffer:Zd
cljs$core$ChunkedCons:be
cljs$core$ChunkedSeq:Ef
cljs$core$Cons:Td
cljs$core$Delay:wh
cljs$core$ES6EntriesIterator:Pf
cljs$core$ES6Iterator:Bc
cljs$core$ES6IteratorSeq:Dc
cljs$core$ES6SetEntriesIterator:Qf
cljs$core$EmptyList:Qd
cljs$core$Fn:Ga
cljs$core$HashCollisionNode:vg
cljs$core$HashMapIter:Ag
cljs$core$HashSetIter:Kg
cljs$core$IAssociative:bb
cljs$core$ICollection:La
cljs$core$ICounted:Ha
cljs$core$IDeref:pb
cljs$core$IEmptyableCollection:Ja
cljs$core$IIndexed:Pa
cljs$core$IIndexed$_nth$dyn_7455:Ra
cljs$core$IIterable:bc
cljs$core$IKVReduce:xb
cljs$core$IList:Eb
cljs$core$ILookup:Xa
cljs$core$ILookup$_lookup$dyn_7461:$a
cljs$core$IMap:fb
cljs$core$IMeta:rb
cljs$core$INIT:xe
cljs$core$INext:Va
cljs$core$IPending:Lb
cljs$core$IPrintWithWriter:Jb
cljs$core$IRecord:Fb
cljs$core$IReduce:ub
cljs$core$IReduce$_reduce$dyn_7478:wb
cljs$core$IReversible:Gb
cljs$core$ISeq:Sa
cljs$core$ISeqable:Bb
cljs$core$ISequential:Db
cljs$core$ISet:jb
cljs$core$ISwap$_swap_BANG_$dyn_7513:ac
cljs$core$ITER_SYMBOL:Ea
cljs$core$IVector:nb
cljs$core$IndexedSeq:F
cljs$core$IndexedSeqIterator:Wc
cljs$core$IntegerRange:Vg
cljs$core$IntegerRangeChunk:Tg
cljs$core$KeySeq:Gg
cljs$core$Keyword:C
cljs$core$LazySeq:Xd
cljs$core$List:gd
cljs$core$List$EMPTY:Ac
cljs$core$MapEntry:W
cljs$core$MetaFn:ld
cljs$core$MultiFn:Oh
cljs$core$NeverEquiv:Lf
cljs$core$NodeIterator:ig
cljs$core$NodeSeq:wg
cljs$core$PROTOCOL_SENTINEL:p
cljs$core$PersistentArrayMap:t
cljs$core$PersistentArrayMap$EMPTY:U
cljs$core$PersistentArrayMap$HASHMAP_THRESHOLD:Xf
cljs$core$PersistentArrayMap$createAsIfByAssoc:id
cljs$core$PersistentArrayMap$createAsIfByAssocComplexPath:bg
cljs$core$PersistentArrayMapIterator:Tf
cljs$core$PersistentArrayMapSeq:Sf
cljs$core$PersistentHashMap:Bg
cljs$core$PersistentHashMap$EMPTY:Yf
cljs$core$PersistentHashMap$fromArrays:Dg
cljs$core$PersistentHashSet:Lg
cljs$core$PersistentHashSet$EMPTY:Ng
cljs$core$PersistentHashSet$createAsIfByAssoc:Og
cljs$core$PersistentVector:V
cljs$core$PersistentVector$EMPTY:fd
cljs$core$PersistentVector$EMPTY_NODE:X
cljs$core$RSeq:Xc
cljs$core$Range:Wg
cljs$core$RangeIterator:Ug
cljs$core$RangedIterator:rf
cljs$core$RecordIter:Of
cljs$core$Reduced:Jc
cljs$core$Repeat:We
cljs$core$START:ye
cljs$core$SeqIter:ze
cljs$core$StringBufferWriter:gc
cljs$core$Subvec:Gf
cljs$core$Symbol:B
cljs$core$TransientArrayMap:Wf
cljs$core$TransientHashMap:Cg
cljs$core$TransientHashSet:Mg
cljs$core$TransientVector:vf
cljs$core$ValSeq:Hg
cljs$core$Var:vc
cljs$core$VectorNode:ff
cljs$core$Volatile:Le
cljs$core$_EQ_:E
cljs$core$_EQ__EQ_:Od
cljs$core$_EQ__EQ_$cljs$0core$0IFn$0_invoke$0arity$02:Pd
cljs$core$_PLUS_:Jd
cljs$core$_STAR_out_STAR_:r
cljs$core$_STAR_print_fn_STAR_:ka
cljs$core$_STAR_print_length_STAR_:pa
cljs$core$_STAR_print_level_STAR_:qa
cljs$core$_STAR_print_newline_STAR_:na
cljs$core$_STAR_print_readably_STAR_:oa
cljs$core$__destructure_map:te
cljs$core$_add_method:Mh
cljs$core$_add_watch:Nb
cljs$core$_as_transient:Qb
cljs$core$_assoc:db
cljs$core$_assoc_BANG_:Tb
cljs$core$_assoc_n:ob
cljs$core$_chunked_first:Vb
cljs$core$_chunked_rest:Wb
cljs$core$_conj:Ma
cljs$core$_conj_BANG_:Rb
cljs$core$_contains_key_QMARK_:cb
cljs$core$_count:Ia
cljs$core$_deref:z
cljs$core$_disjoin:kb
cljs$core$_dissoc:gb
cljs$core$_drop:fc
cljs$core$_drop_first:Ub
cljs$core$_empty:Ka
cljs$core$_equiv:zb
cljs$core$_find:eb
cljs$core$_first:Ta
cljs$core$_flush:Ib
cljs$core$_global_hierarchy:Bh
cljs$core$_hash:Ab
cljs$core$_indexOf$cljs$0core$0IFn$0_invoke$0arity$03:N
cljs$core$_iterator:ec
cljs$core$_key:hb
cljs$core$_kv_reduce:yb
cljs$core$_lastIndexOf$cljs$0core$0IFn$0_invoke$0arity$03:Vc
cljs$core$_lookup:Za
cljs$core$_meta:sb
cljs$core$_name:Xb
cljs$core$_namespace:Yb
cljs$core$_next:Wa
cljs$core$_nth:Qa
cljs$core$_peek:lb
cljs$core$_persistent_BANG_:Sb
cljs$core$_pop:mb
cljs$core$_pr_writer:Kb
cljs$core$_realized_QMARK_:Mb
cljs$core$_reduce:vb
cljs$core$_remove_watch:Pb
cljs$core$_reset_BANG_:Zb
cljs$core$_rest:Ua
cljs$core$_rseq:Hb
cljs$core$_seq:Cb
cljs$core$_swap_BANG_:$b
cljs$core$_val:ib
cljs$core$_with_meta:tb
cljs$core$_write:A
cljs$core$aclone:Fa
cljs$core$apply:wc
cljs$core$apply$cljs$0core$0IFn$0_invoke$0arity$02:oe
cljs$core$apply$cljs$0core$0IFn$0_invoke$0arity$03:pe
cljs$core$apply$cljs$0core$0IFn$0_invoke$0arity$04:qe
cljs$core$apply$cljs$0core$0IFn$0_invoke$0arity$05:re
cljs$core$apply$cljs$0core$0IFn$0_invoke$0arity$0variadic:se
cljs$core$apply_to:ie
cljs$core$apply_to_simple$cljs$0core$0IFn$0_invoke$0arity$03:ke
cljs$core$apply_to_simple$cljs$0core$0IFn$0_invoke$0arity$04:le
cljs$core$apply_to_simple$cljs$0core$0IFn$0_invoke$0arity$05:me
cljs$core$apply_to_simple$cljs$0core$0IFn$0_invoke$0arity$06:ne
cljs$core$array__GT_transient_hash_map:cg
cljs$core$array_copy:wd
cljs$core$array_for:of
cljs$core$array_index_of:Rf
cljs$core$array_reduce$cljs$0core$0IFn$0_invoke$0arity$02:Oc
cljs$core$array_reduce$cljs$0core$0IFn$0_invoke$0arity$03:Pc
cljs$core$array_reduce$cljs$0core$0IFn$0_invoke$0arity$04:Qc
cljs$core$assoc:S
cljs$core$assoc_BANG_$cljs$0core$0IFn$0_invoke$0arity$03:he
cljs$core$atom$cljs$0core$0IFn$0_invoke$0arity$01:Ie
cljs$core$bit_count:Nd
cljs$core$boolean$0:yd
cljs$core$bounded_count:ee
cljs$core$build_subvec:Hf
cljs$core$char$0:Kd
cljs$core$char_escapes:fh
cljs$core$chunk_append:de
cljs$core$chunk_buffer:ae
cljs$core$chunk_cons:ce
cljs$core$chunked_seq:zf
cljs$core$chunked_seq$cljs$0core$0IFn$0_invoke$0arity$04:yf
cljs$core$chunked_seq$cljs$0core$0IFn$0_invoke$0arity$05:Ff
cljs$core$chunked_seq_QMARK_:vd
cljs$core$ci_reduce$cljs$0core$0IFn$0_invoke$0arity$02:Mc
cljs$core$ci_reduce$cljs$0core$0IFn$0_invoke$0arity$03:Nc
cljs$core$clone_and_set$cljs$0core$0IFn$0_invoke$0arity$03:eg
cljs$core$comp:De
cljs$core$complement:Ce
cljs$core$concat:ge
cljs$core$conj:ed
cljs$core$cons:Zc
cljs$core$contains_QMARK_:Ad
cljs$core$count:P
cljs$core$counted_QMARK_:Rc
cljs$core$create_array_node_seq:tg
cljs$core$create_array_node_seq$cljs$0core$0IFn$0_invoke$0arity$01:sg
cljs$core$create_array_node_seq$cljs$0core$0IFn$0_invoke$0arity$03:zg
cljs$core$create_inode_seq:lg
cljs$core$create_inode_seq$cljs$0core$0IFn$0_invoke$0arity$01:kg
cljs$core$create_inode_seq$cljs$0core$0IFn$0_invoke$0arity$03:xg
cljs$core$create_node:pg
cljs$core$create_node$cljs$0core$0IFn$0_invoke$0arity$06:qg
cljs$core$create_node$cljs$0core$0IFn$0_invoke$0arity$07:og
cljs$core$deref:Lc
cljs$core$disj:od
cljs$core$dissoc:jd
cljs$core$distinct$cljs$0core$0IFn$0_invoke$0arity$01:Qg
cljs$core$do_assoc:pf
cljs$core$doall$cljs$0core$0IFn$0_invoke$0arity$01:Zg
cljs$core$dominates:Kh
cljs$core$drop$cljs$0core$0IFn$0_invoke$0arity$02:Ue
cljs$core$drop_last$cljs$0core$0IFn$0_invoke$0arity$02:Ve
cljs$core$edit_and_set$cljs$0core$0IFn$0_invoke$0arity$04:gg
cljs$core$empty_QMARK_:pd
cljs$core$empty_ordered_hash:Fc
cljs$core$empty_unordered_hash:Hc
cljs$core$enable_console_print_BANG_:za
cljs$core$equiv_map:Nf
cljs$core$equiv_sequential:Yc
cljs$core$es6_iterator:Cc
cljs$core$es6_iterator_seq:yc
cljs$core$every_QMARK_:Ae
cljs$core$filter$cljs$0core$0IFn$0_invoke$0arity$02:af
cljs$core$find_and_cache_best_method:Lh
cljs$core$first:J
cljs$core$fn_QMARK_:kd
cljs$core$fnil$cljs$0core$0IFn$0_invoke$0arity$02:Fe
cljs$core$gensym_counter:vh
cljs$core$get:sc
cljs$core$get$cljs$0core$0IFn$0_invoke$0arity$02:rc
cljs$core$get$cljs$0core$0IFn$0_invoke$0arity$03:tc
cljs$core$get_global_hierarchy:Ch
cljs$core$get_in$cljs$0core$0IFn$0_invoke$0arity$02:df
cljs$core$group_by:Ah
cljs$core$hash:pc
cljs$core$hash_collision_node_find_index:ug
cljs$core$hash_map:Fg
cljs$core$hash_ordered_coll:Ec
cljs$core$hash_string:oc
cljs$core$hash_symbol:qc
cljs$core$hash_unordered_coll:Gc
cljs$core$identity:Hd
cljs$core$imul:ic
cljs$core$inc:Ic
cljs$core$indexed_QMARK_:Sc
cljs$core$inode_kv_reduce:hg
cljs$core$integer_QMARK_:zd
cljs$core$interleave:Ye
cljs$core$interpose$cljs$0core$0IFn$0_invoke$0arity$02:Ze
cljs$core$into:cf
cljs$core$isa_QMARK_$cljs$0core$0IFn$0_invoke$0arity$03:Gh
cljs$core$iter_reduce$cljs$0core$0IFn$0_invoke$0arity$02:Dd
cljs$core$iter_reduce$cljs$0core$0IFn$0_invoke$0arity$03:Ed
cljs$core$iterable_QMARK_:xc
cljs$core$keep$cljs$0core$0IFn$0_invoke$0arity$02:Ge
cljs$core$key:Cf
cljs$core$key_test:Zf
cljs$core$keys:Uf
cljs$core$keyword:Vd
cljs$core$keyword_identical_QMARK_:T
cljs$core$last:dd
cljs$core$lift_ns:sh
cljs$core$linear_traversal_nth$cljs$0core$0IFn$0_invoke$0arity$03:hd
cljs$core$list:Sd
cljs$core$lookup_sentinel:xd
cljs$core$m3_fmix:lc
cljs$core$m3_mix_H1:kc
cljs$core$m3_mix_K1:jc
cljs$core$map:Se
cljs$core$map_QMARK_:sd
cljs$core$map_entry_QMARK_:Bf
cljs$core$mapcat$cljs$0core$0IFn$0_invoke$0arity$0variadic:$e
cljs$core$merge:Ig
cljs$core$merge_with:Jg
cljs$core$meta:nd
cljs$core$missing_protocol:Ca
cljs$core$name:Wd
cljs$core$namespace:Ud
cljs$core$native_satisfies_QMARK_:w
cljs$core$never_equiv:Mf
cljs$core$new_path:kf
cljs$core$next:K
cljs$core$next_STAR_:je
cljs$core$nil_iter:we
cljs$core$not:Aa
cljs$core$not_empty:ue
cljs$core$nth:Uc
cljs$core$nth$cljs$0core$0IFn$0_invoke$0arity$02:Tc
cljs$core$nth$cljs$0core$0IFn$0_invoke$0arity$03:R
cljs$core$pam_grow_seed_array:ag
cljs$core$pam_new_size:$f
cljs$core$parents$cljs$0core$0IFn$0_invoke$0arity$01:Hh
cljs$core$partial:Ee
cljs$core$pop_tail:qf
cljs$core$pr_opts:ra
cljs$core$pr_sequential_writer:bh
cljs$core$pr_str:oh
cljs$core$pr_str_STAR_:hc
cljs$core$pr_str_with_opts:nh
cljs$core$pr_writer:jh
cljs$core$pr_writer_impl:ih
cljs$core$prefers_STAR_:Jh
cljs$core$prim_seq$cljs$0core$0IFn$0_invoke$0arity$02:Q
cljs$core$print_map:kh
cljs$core$print_meta_QMARK_:hh
cljs$core$print_prefix_map:th
cljs$core$print_str:ph
cljs$core$println$cljs$0core$0IFn$0_invoke$0arity$0variadic:qh
cljs$core$push_tail:lf
cljs$core$pv_clone_node:hf
cljs$core$pv_fresh_node:gf
cljs$core$pv_reduce$cljs$0core$0IFn$0_invoke$0arity$04:tf
cljs$core$pv_reduce$cljs$0core$0IFn$0_invoke$0arity$05:uf
cljs$core$quot:Ld
cljs$core$quote_string:gh
cljs$core$range$cljs$0core$0IFn$0_invoke$0arity$02:Yg
cljs$core$ranged_iterator:sf
cljs$core$re_find:ah
cljs$core$re_matches:$g
cljs$core$record_QMARK_:td
cljs$core$reduce:Cd
cljs$core$reduce$cljs$0core$0IFn$0_invoke$0arity$02:Fd
cljs$core$reduce$cljs$0core$0IFn$0_invoke$0arity$03:Bd
cljs$core$reduce_kv:Gd
cljs$core$reduced_QMARK_:Kc
cljs$core$rem:Md
cljs$core$remove$cljs$0core$0IFn$0_invoke$0arity$02:bf
cljs$core$remove_pair:fg
cljs$core$repeat$cljs$0core$0IFn$0_invoke$0arity$02:Xe
cljs$core$reset_BANG_:Je
cljs$core$reset_cache:Ih
cljs$core$rest:zc
cljs$core$reverse:Rd
cljs$core$second:cd
cljs$core$seq:I
cljs$core$seq_reduce:ad
cljs$core$seq_reduce$cljs$0core$0IFn$0_invoke$0arity$02:$c
cljs$core$seq_reduce$cljs$0core$0IFn$0_invoke$0arity$03:bd
cljs$core$sequential_QMARK_:rd
cljs$core$set:Pg
cljs$core$set_QMARK_:qd
cljs$core$some:Be
cljs$core$spread:fe
cljs$core$str:x
cljs$core$string_hash_cache:mc
cljs$core$string_hash_cache_count:nc
cljs$core$string_print:eh
cljs$core$strip_ns:rh
cljs$core$swap_BANG_:Ke
cljs$core$symbol:uc
cljs$core$t_cljs$0core6247:ve
cljs$core$tail_off:jf
cljs$core$take$cljs$0core$0IFn$0_invoke$0arity$02:Te
cljs$core$take_while$cljs$0core$0IFn$0_invoke$0arity$02:Sg
cljs$core$throw_no_method_error:Nh
cljs$core$transduce$cljs$0core$0IFn$0_invoke$0arity$04:Id
cljs$core$truth_:v
cljs$core$tv_editable_root:wf
cljs$core$tv_editable_tail:xf
cljs$core$tv_ensure_editable:If
cljs$core$tv_push_tail:Jf
cljs$core$type:Ba
cljs$core$type__GT_str:Da
cljs$core$unchecked_array_for:nf
cljs$core$update_in:ef
cljs$core$val:Df
cljs$core$vals:Vf
cljs$core$vec:Af
cljs$core$vector_QMARK_:ud
cljs$core$vector_index_out_of_bounds:mf
cljs$core$with_meta:md
cljs$core$write_all$cljs$0core$0IFn$0_invoke$0arity$0variadic:dh
cljs$core$zipmap:Rg
cljs$cst$0$flush_on_newline:sa
cljs$cst$1$readably:ta
cljs$cst$105$more_marker:ch
cljs$cst$106$alt_impl:lh
cljs$cst$107$fallback_impl:mh
cljs$cst$108$val:uh
cljs$cst$109$status:xh
cljs$cst$110$ready:yh
cljs$cst$111$pending:zh
cljs$cst$128$parents:Dh
cljs$cst$129$descendants:Eh
cljs$cst$130$ancestors:Fh
cljs$cst$139$type:Me
cljs$cst$141$message:qi
cljs$cst$142$data:vi
cljs$cst$148$_AMPERSAND_:Dk
cljs$cst$149$case_STAR_:$h
cljs$cst$150$defrecord_STAR_:Pk
cljs$cst$151$try:kl
cljs$cst$152$ns_STAR_:Gm
cljs$cst$153$finally:$l
cljs$cst$154$loop_STAR_:Al
cljs$cst$155$do:cm
cljs$cst$156$letfn_STAR_:Qj
cljs$cst$157$if:Um
cljs$cst$158$new:Ej
cljs$cst$159$deftype_STAR_:Ai
cljs$cst$160$let_STAR_:fl
cljs$cst$161$js_STAR_:Ri
cljs$cst$162$fn_STAR_:Zh
cljs$cst$163$recur:Ul
cljs$cst$164$set_BANG_:Xi
cljs$cst$165$_DOT_:Fk
cljs$cst$166$var:Pm
cljs$cst$167$quote:jm
cljs$cst$168$catch:cj
cljs$cst$169$throw:Hm
cljs$cst$170$def:Oi
cljs$cst$175$ns:Lj
cljs$cst$177$cur:Tm
cljs$cst$178$line:Uh
cljs$cst$179$max:Ui
cljs$cst$180$base:am
cljs$cst$184$parent:Sl
cljs$cst$185$section:sl
cljs$cst$186$start_col:Ak
cljs$cst$187$indent:Kl
cljs$cst$188$done_nl:Uj
cljs$cst$189$intra_block_nl:ji
cljs$cst$190$prefix:Xh
cljs$cst$191$per_line_prefix:gj
cljs$cst$192$suffix:Vi
cljs$cst$193$logical_block_callback:ul
cljs$cst$2$meta:va
cljs$cst$204$end_pos:dj
cljs$cst$205$start_pos:Bj
cljs$cst$206$type_tag:mm
cljs$cst$207$trailing_white_space:Yh
cljs$cst$213$buffer_blob:Gk
cljs$cst$214$logical_block:Sm
cljs$cst$217$nl_t:$i
cljs$cst$218$start_block_t:Hk
cljs$cst$219$end_block_t:ui
cljs$cst$220$relative_to:ci
cljs$cst$221$offset:Ni
cljs$cst$224$indent_t:ml
cljs$cst$225$hierarchy:cl
cljs$cst$226$default:Ph
cljs$cst$227$start:Ml
cljs$cst$228$end:yj
cljs$cst$229$block:om
cljs$cst$230$current:Ci
cljs$cst$231$mandatory:Cj
cljs$cst$232$fill:Wj
cljs$cst$233$linear:li
cljs$cst$234$miser:yi
cljs$cst$235$buffer:Dl
cljs$cst$236$logical_blocks:Yj
cljs$cst$237$buffering:Oj
cljs$cst$238$mode:Yk
cljs$cst$239$pos:Em
cljs$cst$240$writing:pl
cljs$cst$244$miser_width:fj
cljs$cst$245$buffer_block:gk
cljs$cst$246$pretty_writer:Hj
cljs$cst$247$sections:Bl
cljs$cst$248$buffer_level:pj
cljs$cst$249$stream:Di
cljs$cst$250$circle:uj
cljs$cst$251$length:Im
cljs$cst$252$level:Bk
cljs$cst$253$lines:jl
cljs$cst$254$dispatch:hi
cljs$cst$255$pretty:Cl
cljs$cst$256$radix:el
cljs$cst$257$right_margin:sk
cljs$cst$258$suppress_namespaces:Jm
cljs$cst$261$seq:pk
cljs$cst$262$rest:ii
cljs$cst$265$func:bm
cljs$cst$266$def:Lk
cljs$cst$267$params:Pi
cljs$cst$270$colon:Z
cljs$cst$271$at:Zi
cljs$cst$272$parameter_from_args:tl
cljs$cst$273$remaining_arg_count:Xj
cljs$cst$274$minpad:Qm
cljs$cst$275$mincol:Wi
cljs$cst$276$colinc:zk
cljs$cst$277$padchar:Ki
cljs$cst$278$commainterval:dk
cljs$cst$279$commachar:dl
cljs$cst$28$fn:um
cljs$cst$280$char_format:Mm
cljs$cst$281$up_arrow:Ek
cljs$cst$282$colon_up_arrow:pi
cljs$cst$283$base_args:Rj
cljs$cst$284$w:Ik
cljs$cst$285$d:Uk
cljs$cst$286$k:Qk
cljs$cst$287$overflowchar:Xk
cljs$cst$288$e:Tk
cljs$cst$289$exponentchar:mi
cljs$cst$290$n:Kk
cljs$cst$291$selector:wl
cljs$cst$292$clauses:Tl
cljs$cst$293$else:ok
cljs$cst$294$max_iterations:ym
cljs$cst$295$right_params:Jl
cljs$cst$296$else_params:Vm
cljs$cst$297$min_remaining:Zk
cljs$cst$298$max_columns:em
cljs$cst$3$dup:wa
cljs$cst$305$colnum:Am
cljs$cst$306$string:Vh
cljs$cst$307$directive:lj
cljs$cst$308$flags:Dj
cljs$cst$309$both:rm
cljs$cst$310$bracket_info:Rk
cljs$cst$311$generator_fn:kk
cljs$cst$312$count:fi
cljs$cst$313$right:ki
cljs$cst$314$allows_separator:Kj
cljs$cst$315$last:km
cljs$cst$316$separator:kj
cljs$cst$317$first:il
cljs$cst$318$arg1:Pj
cljs$cst$319$arg2:Tj
cljs$cst$320$arg3:Sj
cljs$cst$321$right_bracket:Nk
cljs$cst$322$clojure_DOT_core_SLASH_deref:Km
cljs$cst$323$clojure_DOT_core_SLASH_unquote:qj
cljs$cst$324$cljs_DOT_core_SLASH_deref:nm
cljs$cst$325$cljs_DOT_core_SLASH_unquote:dm
cljs$cst$326$cljs_DOT_core_SLASH_lift_ns:$k
cljs$cst$327$private:yl
cljs$cst$328$name:hl
cljs$cst$329$file:ek
cljs$cst$330$end_column:wk
cljs$cst$331$column:ij
cljs$cst$332$end_line:Rm
cljs$cst$333$arglists:uk
cljs$cst$334$doc:aj
cljs$cst$335$test:Re
cljs$cst$336$cljs_DOT_core:xi
cljs$cst$337$lift_ns:Jj
cljs$cst$338$m:Sk
cljs$cst$339$not_delivered:ej
cljs$cst$340$queue:wj
cljs$cst$341$deref:tm
cljs$cst$342$symbol:sm
cljs$cst$343$list:Mj
cljs$cst$344$map:Qi
cljs$cst$345$vector:Ol
cljs$cst$346$set:rk
cljs$cst$347$when_first:vk
cljs$cst$348$condp:fk
cljs$cst$349$_DOT__DOT_:Ji
cljs$cst$350$defmacro:hk
cljs$cst$351$defn:qk
cljs$cst$352$loop:Zl
cljs$cst$353$struct:xl
cljs$cst$354$doseq:Bm
cljs$cst$355$if_not:Ll
cljs$cst$356$when_not:Gi
cljs$cst$357$when:wm
cljs$cst$358$with_open:Mk
cljs$cst$359$with_local_vars:oj
cljs$cst$360$defonce:Vl
cljs$cst$361$when_let:wi
cljs$cst$362$dotimes:xm
cljs$cst$363$cond:Fm
cljs$cst$364$let:Hl
cljs$cst$365$defn_:hm
cljs$cst$366$locking:pm
cljs$cst$367$__GT_:Ei
cljs$cst$368$if_let:xj
cljs$cst$369$binding:Jk
cljs$cst$370$struct_map:ti
cljs$cst$371$cljs_DOT_test_SLASH_default:mk
cljs$cst$372$report_counters:Ck
cljs$cst$373$pass:Qe
cljs$cst$374$fail:Oe
cljs$cst$375$error:Pe
cljs$cst$376$testing_vars:Sh
cljs$cst$377$testing_contexts:nl
cljs$cst$378$formatter:Dm
cljs$cst$379$reporter:mj
cljs$cst$380$cljs_DOT_test_SLASH_pprint:vl
cljs$cst$381$expected:Aj
cljs$cst$382$actual:Wl
cljs$cst$383$summary:Ne
cljs$cst$384$begin_test_ns:El
cljs$cst$385$end_test_ns:rj
cljs$cst$386$begin_test_var:ak
cljs$cst$387$end_test_var:bj
cljs$cst$388$end_run_tests:Ql
cljs$cst$389$end_test_all_vars:nj
cljs$cst$390$end_test_vars:hj
cljs$cst$391$source_map:ik
cljs$cst$392$source:bk
cljs$cst$393$col:Li
cljs$cst$394$cljs_DOT_test_SLASH_block_QMARK_:jk
cljs$cst$395$var:Rl
cljs$cst$396$before:fm
cljs$cst$397$after:jj
cljs$cst$398$none:Lm
cljs$cst$399$fn:zi
cljs$cst$4$print_length:xa
cljs$cst$400$async:Zj
cljs$cst$401$sync:im
cljs$cst$402$cljs_DOT_test_SLASH_async_disabled:sj
cljs$cst$403$once_fixtures:xk
cljs$cst$404$each_fixtures:Wh
cljs$cst$413$on_dispose:Gl
cljs$cst$416$auto_run:ri
cljs$cst$420$on_set:yk
cljs$cst$421$no_cache:di
cljs$cst$449$id:nk
cljs$cst$456$function_components:Ij
cljs$cst$457$parse_tag:si
cljs$cst$47$validator:Pl
cljs$cst$470$sessions:ol
cljs$cst$473$title:Yi
cljs$cst$474$info:Fj
cljs$cst$477$endpoint:vm
cljs$cst$488$time:Yl
cljs$cst$492$timestamp:Xl
cljs$cst$493$openplanner:Wk
cljs$cst$498$buffers:gi
cljs$cst$499$current_buffer:Cm
cljs$cst$500$evil_state:Ti
cljs$cst$501$normal:lk
cljs$cst$502$register:zm
cljs$cst$503$last_search:rl
cljs$cst$504$search_direction:Mi
cljs$cst$505$forward:Si
cljs$cst$506$statusbar:ni
cljs$cst$507$left:Th
cljs$cst$508$center:Vj
cljs$cst$509$ui:Ok
cljs$cst$510$theme:oi
cljs$cst$511$dark:qm
cljs$cst$512$backend:ck
cljs$cst$513$connected_QMARK_:Nl
cljs$cst$514$last_error:ll
cljs$cst$515$search_surface:Vk
cljs$cst$516$visible_QMARK_:ai
cljs$cst$517$query:tj
cljs$cst$518$active_tab:Nj
cljs$cst$519$filter:bl
cljs$cst$520$all:Fi
cljs$cst$521$view:gm
cljs$cst$522$page:gl
cljs$cst$523$page_size:Rh
cljs$cst$524$imports:bi
cljs$cst$525$chatgpt:Hi
cljs$cst$526$file_path:lm
cljs$cst$527$job:al
cljs$cst$528$idle:ei
cljs$cst$529$inspector:zl
cljs$cst$530$selection:vj
cljs$cst$531$context:Fl
cljs$cst$532$context_source:tk
cljs$cst$533$pane_error:Il
cljs$cst$534$pinned:Nm
cljs$cst$535$active_pinned_key:Bi
cljs$cst$536$activity_items:ql
cljs$cst$6$ns:Ii
cljs$cst$638$test_main:Om
cljs$cst$639$session_titles_integration_test:zj
cljs$pprint$_STAR_code_table_STAR_:gq
cljs$pprint$_STAR_current_length_STAR_:Vn
cljs$pprint$_STAR_current_level_STAR_:Un
cljs$pprint$_STAR_format_str_STAR_:jo
cljs$pprint$_STAR_print_base_STAR_:Tn
cljs$pprint$_STAR_print_circle_STAR_:Qn
cljs$pprint$_STAR_print_lines_STAR_:Pn
cljs$pprint$_STAR_print_miser_width_STAR_:Kn
cljs$pprint$_STAR_print_pprint_dispatch_STAR_:On
cljs$pprint$_STAR_print_pretty_STAR_:Nn
cljs$pprint$_STAR_print_radix_STAR_:Sn
cljs$pprint$_STAR_print_right_margin_STAR_:Jn
cljs$pprint$_STAR_print_suppress_namespaces_STAR_:Rn
cljs$pprint$_STAR_symbol_map_STAR_:fq
cljs$pprint$_ppflush:fn
cljs$pprint$abort_QMARK_:No
cljs$pprint$absolute_reposition:oo
cljs$pprint$add_english_scales:Fo
cljs$pprint$add_to_buffer:En
cljs$pprint$ancestor_QMARK_:mn
cljs$pprint$arg_navigator:lo
cljs$pprint$base_str:vo
cljs$pprint$boolean_conditional:Yo
cljs$pprint$brackets:Wp
cljs$pprint$buffer_blob:nn
cljs$pprint$c_write_char:jn
cljs$pprint$cached_compile:Gp
cljs$pprint$capitalize_string:kp
cljs$pprint$capitalize_word_writer:mp
cljs$pprint$char_code:an
cljs$pprint$check_arg_conditional:Zo
cljs$pprint$check_enumerated_arg:$n
cljs$pprint$check_flags:yp
cljs$pprint$choice_conditional:Xo
cljs$pprint$cl_format$cljs$0core$0IFn$0_invoke$0arity$0variadic:eo
cljs$pprint$code_dispatch:hq
cljs$pprint$collect_clauses:Dp
cljs$pprint$compile_directive:Ap
cljs$pprint$compile_format:fo
cljs$pprint$compile_raw_string:Bp
cljs$pprint$compiled_directive:qo
cljs$pprint$conditional_newline:qp
cljs$pprint$consume:cn
cljs$pprint$directive_table:rp
cljs$pprint$dollar_float:Wo
cljs$pprint$downcase_writer:hp
cljs$pprint$emit_nl:tn
cljs$pprint$emit_nl_QMARK_:yn
cljs$pprint$end_block:Mn
cljs$pprint$end_block_t:qn
cljs$pprint$english_cardinal_tens:Bo
cljs$pprint$english_cardinal_units:zo
cljs$pprint$english_ordinal_tens:Co
cljs$pprint$english_ordinal_units:Ao
cljs$pprint$english_scale_numbers:Do
cljs$pprint$execute_format$cljs$0core$0IFn$0_invoke$0arity$02:io
cljs$pprint$execute_sub_format:Oo
cljs$pprint$exponential_float:Uo
cljs$pprint$extract_flags:xp
cljs$pprint$extract_param:up
cljs$pprint$fixed_float:To
cljs$pprint$flag_defs:wp
cljs$pprint$float_parts:Po
cljs$pprint$format_ascii:uo
cljs$pprint$format_error:ko
cljs$pprint$format_integer:yo
cljs$pprint$format_roman:Io
cljs$pprint$format_simple_cardinal:Eo
cljs$pprint$general_float:Vo
cljs$pprint$get_field:gn
cljs$pprint$get_fixed:Ro
cljs$pprint$get_format_arg:no
cljs$pprint$get_section:zn
cljs$pprint$get_sub_section:An
cljs$pprint$group_by_STAR_:xo
cljs$pprint$indent_t:rn
cljs$pprint$init_cap_writer:op
cljs$pprint$init_navigator:go
cljs$pprint$insert_scaled_decimal:So
cljs$pprint$iterate_list_of_sublists:ap
cljs$pprint$iterate_main_list:bp
cljs$pprint$iterate_main_sublists:cp
cljs$pprint$iterate_sublist:$o
cljs$pprint$justify_clauses:ep
cljs$pprint$level_exceeded:ao
cljs$pprint$linear_nl_QMARK_:wn
cljs$pprint$logical_block:ln
cljs$pprint$logical_block_or_justify:dp
cljs$pprint$map_params:zp
cljs$pprint$map_passing_context:bn
cljs$pprint$miser_nl_QMARK_:xn
cljs$pprint$multi_defn:$p
cljs$pprint$needs_pretty:ho
cljs$pprint$new_roman_table:Ho
cljs$pprint$next_arg:mo
cljs$pprint$nl_t:on
cljs$pprint$old_roman_table:Go
cljs$pprint$param_pattern:sp
cljs$pprint$plain_character:Mo
cljs$pprint$pprint:Zn
cljs$pprint$pprint_binding_form:cq
cljs$pprint$pprint_defn:aq
cljs$pprint$pprint_hold_first:Yp
cljs$pprint$pprint_if:eq
cljs$pprint$pprint_indent:co
cljs$pprint$pprint_let:dq
cljs$pprint$pprint_map:Kp
cljs$pprint$pprint_newline:bo
cljs$pprint$pprint_ns_reference:Xp
cljs$pprint$pprint_pqueue:Op
cljs$pprint$pprint_reader_macro:Ip
cljs$pprint$pprint_set:Mp
cljs$pprint$pprint_simple_code_list:bq
cljs$pprint$pprint_simple_default:Lp
cljs$pprint$pprint_vector:Jp
cljs$pprint$pr:Zm
cljs$pprint$pretty_character:Ko
cljs$pprint$pretty_writer:In
cljs$pprint$pretty_writer_QMARK_:Wn
cljs$pprint$print:Ym
cljs$pprint$prn:$m
cljs$pprint$process_bracket:Cp
cljs$pprint$process_clause:Ep
cljs$pprint$process_nesting:Fp
cljs$pprint$readable_character:Lo
cljs$pprint$reader_macros:Hp
cljs$pprint$realize_parameter:ro
cljs$pprint$realize_parameter_list:so
cljs$pprint$relative_reposition:po
cljs$pprint$remainders:wo
cljs$pprint$render_clauses:fp
cljs$pprint$round_str:Qo
cljs$pprint$set_field:hn
cljs$pprint$set_indent:pp
cljs$pprint$simple_dispatch:Qp
cljs$pprint$single_defn:Zp
cljs$pprint$special_chars:Jo
cljs$pprint$special_params:tp
cljs$pprint$special_radix_markers:to
cljs$pprint$split_at_newline:Bn
cljs$pprint$start_block:Ln
cljs$pprint$start_block_t:pn
cljs$pprint$t_cljs$0pprint10326:gp
cljs$pprint$t_cljs$0pprint10338:ip
cljs$pprint$t_cljs$0pprint10348:lp
cljs$pprint$t_cljs$0pprint10358:np
cljs$pprint$t_cljs$0pprint8616:kn
cljs$pprint$t_cljs$0pprint9444:Hn
cljs$pprint$tokens_fit_QMARK_:vn
cljs$pprint$translate_param:vp
cljs$pprint$tuple_map:en
cljs$pprint$type_dispatcher:Pp
cljs$pprint$type_map:Np
cljs$pprint$unzip_map:dn
cljs$pprint$upcase_writer:jp
cljs$pprint$write:Yn
cljs$pprint$write_initial_lines:Gn
cljs$pprint$write_line:Dn
cljs$pprint$write_out:Xn
cljs$pprint$write_token:sn
cljs$pprint$write_token_string:Cn
cljs$pprint$write_tokens:un
cljs$pprint$write_white_space:Fn
cljs$test$IAsyncTest:yq
cljs$test$_STAR_current_env_STAR_:oq
cljs$test$async_QMARK_:zq
cljs$test$block:Bq
cljs$test$compose_fixtures:Fq
cljs$test$default_fixture:Eq
cljs$test$disable_async:Iq
cljs$test$do_report:xq
cljs$test$empty_env$cljs$0core$0IFn$0_invoke$0arity$01:nq
cljs$test$execution_strategy:Hq
cljs$test$file_and_line:wq
cljs$test$get_and_clear_env_BANG_:rq
cljs$test$get_current_env:pq
cljs$test$inc_report_counter_BANG_:tq
cljs$test$print_comparison:vq
cljs$test$report:uq
cljs$test$run_block:Aq
cljs$test$test_var_block:Dq
cljs$test$test_var_block_STAR_:Cq
cljs$test$test_vars_block:Jq
cljs$test$testing_vars_str:sq
cljs$test$update_current_env_BANG_:qq
cljs$test$wrap_map_fixtures:Gq
clojure$set$difference:Sq
clojure$string$split$cljs$0core$0IFn$0_invoke$0arity$03:Xm
clojure$string$split_with_empty_regex:Wm
goog$UID_PROPERTY_:ca
goog$getUid:ba
goog$string$StringBuffer:ja
goog$string$internal$isEmptyOrWhitespace:ea
goog$string$internal$trim:fa
goog$string$isUnicodeChar:ia
goog$typeOf:aa
goog$uidCounter_:da
hierarchy__5603__auto__$jscomp$inline_1522:Vp
hierarchy__5603__auto__$jscomp$inline_1556:mq
method_cache__5601__auto__$jscomp$inline_1520:Tp
method_cache__5601__auto__$jscomp$inline_1554:kq
method_table__5599__auto__$jscomp$inline_1518:Rp
method_table__5599__auto__$jscomp$inline_1552:iq
module$contents$goog$object_getKeys:ha
opts$jscomp$inline_1195:hr
prefer_table__5600__auto__$jscomp$inline_1519:Sp
prefer_table__5600__auto__$jscomp$inline_1553:jq
reagent$impl$batching$RenderQueue:Qq
reagent$impl$batching$compare_mount_order:Mq
reagent$impl$batching$enqueue:Pq
reagent$impl$batching$fake_raf:Kq
reagent$impl$batching$next_tick:Lq
reagent$impl$batching$ratom_flush:Nq
reagent$impl$batching$render_queue:Rq
reagent$impl$batching$run_funs:Oq
reagent$impl$template$HiccupTag:fr
reagent$impl$template$re_tag:er
reagent$impl$template$tag_name_cache:gr
reagent$ratom$RAtom:ar
reagent$ratom$Reaction:cr
reagent$ratom$_STAR_ratom_context_STAR_:Tq
reagent$ratom$add_w:Wq
reagent$ratom$atom:br
reagent$ratom$deref_capture:Uq
reagent$ratom$flush_BANG_:dr
reagent$ratom$handle_reaction_change:Ob
reagent$ratom$notify_deref_watcher_BANG_:Vq
reagent$ratom$notify_w:Yq
reagent$ratom$pr_atom:Zq
reagent$ratom$rea_queue:$q
reagent$ratom$remove_w:Xq
test_main$_main:ir
