JSCompiler_StaticMethods_assoc_BANG_:fh
JSCompiler_StaticMethods_cljs$core$IMultiFn$_add_method$arity$3:Fi
JSCompiler_StaticMethods_cljs$core$IMultiFn$_get_method$arity$2:Ei
JSCompiler_StaticMethods_cljs$core$ITransientVector$_assoc_n_BANG_$arity$3:ig
JSCompiler_StaticMethods_sval:xe
JSCompiler_inline_result$jscomp$307:bA
JSCompiler_prototypeAlias:h
L 0:a
L 1:b
L 10:r
L 11:v
L 12:w
L 13:x
L 14:y
L 15:B
L 16:C
L 17:I
L 18:R
L 19:T
L 2:c
L 20:Z
L 21:W
L 22:V
L 23:U
L 24:ea
L 25:la
L 26:Da
L 27:Ka
L 28:Ya
L 29:jb
L 3:d
L 30:sb
L 31:Vb
L 32:Td
L 33:Lc
L 34:wd
L 35:bg
L 36:ri
L 37:si
L 38:ti
L 39:ui
L 4:e
L 40:eh
L 41:vi
L 42:wi
L 43:xi
L 44:hd
L 45:Hn
L 46:ss
L 47:In
L 48:Jn
L 49:Kn
L 5:f
L 50:Ln
L 6:g
L 7:k
L 8:l
L 9:n
and__5000__auto__$jscomp$inline_1353:jA
cached_hierarchy__5602__auto__$jscomp$inline_1667:Bi
cljs$core$ArrayChunk:ze
cljs$core$ArrayNode:Og
cljs$core$ArrayNodeIterator:Sg
cljs$core$ArrayNodeSeq:Zg
cljs$core$Atom:kf
cljs$core$BitmapIndexedNode:Kg
cljs$core$BitmapIndexedNode$EMPTY:Ng
cljs$core$Box:Eg
cljs$core$ChunkBuffer:ye
cljs$core$ChunkedCons:Be
cljs$core$ChunkedSeq:cg
cljs$core$Cons:re
cljs$core$ES6EntriesIterator:qg
cljs$core$ES6Iterator:Jc
cljs$core$ES6IteratorSeq:Mc
cljs$core$ES6SetEntriesIterator:rg
cljs$core$EmptyList:oe
cljs$core$ExceptionInfo:Ji
cljs$core$Fn:Ra
cljs$core$HashCollisionNode:Wg
cljs$core$HashMapIter:ah
cljs$core$HashSetIter:oh
cljs$core$IAssociative:lb
cljs$core$ICollection:Xa
cljs$core$IComparable:ac
cljs$core$ICounted:Ta
cljs$core$IEmptyableCollection:Va
cljs$core$IEncodeClojure:$h
cljs$core$IEncodeJS:Vh
cljs$core$IFn:Sa
cljs$core$IIndexed:$a
cljs$core$IIndexed$_nth$dyn_254341:bb
cljs$core$IIterable:kc
cljs$core$IKVReduce:Gb
cljs$core$IList:Nb
cljs$core$ILookup:hb
cljs$core$ILookup$_lookup$dyn_254349:kb
cljs$core$IMap:pb
cljs$core$IMeta:Ab
cljs$core$INIT:Ye
cljs$core$INext:fb
cljs$core$IPrintWithWriter:Sb
cljs$core$IRecord:Ob
cljs$core$IReduce:Db
cljs$core$IReduce$_reduce$dyn_254374:Fb
cljs$core$IReversible:Pb
cljs$core$ISeq:cb
cljs$core$ISeqable:Kb
cljs$core$ISequential:Mb
cljs$core$ISet:ub
cljs$core$ISwap$_swap_BANG_$dyn_254433:jc
cljs$core$ITER_SYMBOL:Ma
cljs$core$IVector:yb
cljs$core$IndexedSeq:Fc
cljs$core$IndexedSeqIterator:fd
cljs$core$KeySeq:ih
cljs$core$Keyword:z
cljs$core$LazySeq:we
cljs$core$List:qd
cljs$core$List$EMPTY:Ic
cljs$core$MapEntry:Qf
cljs$core$MetaFn:xd
cljs$core$MultiFn:pi
cljs$core$NeverEquiv:ng
cljs$core$NodeIterator:Jg
cljs$core$NodeSeq:Xg
cljs$core$PROTOCOL_SENTINEL:ta
cljs$core$PersistentArrayMap:m
cljs$core$PersistentArrayMap$EMPTY:Ve
cljs$core$PersistentArrayMap$HASHMAP_THRESHOLD:xg
cljs$core$PersistentArrayMap$createAsIfByAssoc:td
cljs$core$PersistentArrayMap$createAsIfByAssocComplexPath:Cg
cljs$core$PersistentArrayMapIterator:ug
cljs$core$PersistentArrayMapSeq:tg
cljs$core$PersistentHashMap:bh
cljs$core$PersistentHashMap$EMPTY:yg
cljs$core$PersistentHashMap$fromArrays:dh
cljs$core$PersistentHashSet:ph
cljs$core$PersistentHashSet$EMPTY:rh
cljs$core$PersistentQueue:lg
cljs$core$PersistentQueue$EMPTY:mg
cljs$core$PersistentQueueIter:jg
cljs$core$PersistentQueueSeq:kg
cljs$core$PersistentVector:N
cljs$core$PersistentVector$EMPTY:pd
cljs$core$PersistentVector$EMPTY_NODE:O
cljs$core$PersistentVector$fromArray:Wf
cljs$core$RSeq:gd
cljs$core$RangedIterator:Mf
cljs$core$Reduced:Sc
cljs$core$Repeat:rf
cljs$core$START:Ze
cljs$core$SeqIter:$e
cljs$core$StringBufferWriter:nc
cljs$core$Subvec:eg
cljs$core$Symbol:Ac
cljs$core$TransientArrayMap:wg
cljs$core$TransientHashMap:ch
cljs$core$TransientHashSet:qh
cljs$core$TransientVector:Rf
cljs$core$UUID:Hi
cljs$core$ValSeq:jh
cljs$core$VectorNode:Bf
cljs$core$_:ie
cljs$core$_EQ_:F
cljs$core$_STAR_print_fn_STAR_:ua
cljs$core$_STAR_print_level_STAR_:wa
cljs$core$_STAR_print_newline_STAR_:va
cljs$core$__destructure_map:Ue
cljs$core$_add_watch:Ub
cljs$core$_as_transient:Xb
cljs$core$_assoc:nb
cljs$core$_assoc_BANG_:$b
cljs$core$_assoc_n:zb
cljs$core$_chunked_first:dc
cljs$core$_chunked_rest:ec
cljs$core$_clj__GT_js:Wh
cljs$core$_compare:bc
cljs$core$_conj:Za
cljs$core$_conj_BANG_:Yb
cljs$core$_contains_key_QMARK_:mb
cljs$core$_count:Ua
cljs$core$_deref:t
cljs$core$_disjoin:vb
cljs$core$_dissoc:qb
cljs$core$_drop:mc
cljs$core$_drop_first:cc
cljs$core$_empty:Wa
cljs$core$_equiv:Ib
cljs$core$_find:ob
cljs$core$_first:db
cljs$core$_global_hierarchy:di
cljs$core$_hash:Jb
cljs$core$_indexOf$cljs$0core$0IFn$0_invoke$0arity$03:bd
cljs$core$_iterator:lc
cljs$core$_js__GT_clj:ai
cljs$core$_key:rb
cljs$core$_kv_reduce:Hb
cljs$core$_lastIndexOf$cljs$0core$0IFn$0_invoke$0arity$03:ed
cljs$core$_lookup:ib
cljs$core$_meta:Bb
cljs$core$_name:fc
cljs$core$_namespace:gc
cljs$core$_next:gb
cljs$core$_nth:ab
cljs$core$_peek:wb
cljs$core$_persistent_BANG_:Zb
cljs$core$_pop:xb
cljs$core$_pr_writer:Tb
cljs$core$_reduce:Eb
cljs$core$_remove_watch:Wb
cljs$core$_reset_BANG_:hc
cljs$core$_rest:eb
cljs$core$_rseq:Qb
cljs$core$_seq:Lb
cljs$core$_swap_BANG_:ic
cljs$core$_val:tb
cljs$core$_with_meta:Cb
cljs$core$_write:Rb
cljs$core$aclone:Na
cljs$core$add_watch:Sh
cljs$core$apply:yd
cljs$core$apply$cljs$0core$0IFn$0_invoke$0arity$02:Pe
cljs$core$apply$cljs$0core$0IFn$0_invoke$0arity$03:Qe
cljs$core$apply$cljs$0core$0IFn$0_invoke$0arity$04:Re
cljs$core$apply$cljs$0core$0IFn$0_invoke$0arity$05:Se
cljs$core$apply$cljs$0core$0IFn$0_invoke$0arity$0variadic:Te
cljs$core$apply_to:Je
cljs$core$apply_to_simple$cljs$0core$0IFn$0_invoke$0arity$03:Le
cljs$core$apply_to_simple$cljs$0core$0IFn$0_invoke$0arity$04:Me
cljs$core$apply_to_simple$cljs$0core$0IFn$0_invoke$0arity$05:Ne
cljs$core$apply_to_simple$cljs$0core$0IFn$0_invoke$0arity$06:Oe
cljs$core$array_QMARK_:Fa
cljs$core$array__GT_transient_hash_map:Dg
cljs$core$array_copy:Kd
cljs$core$array_for:Jf
cljs$core$array_index_of:sg
cljs$core$array_map:hh
cljs$core$array_reduce$cljs$0core$0IFn$0_invoke$0arity$02:Xc
cljs$core$array_reduce$cljs$0core$0IFn$0_invoke$0arity$03:Yc
cljs$core$array_reduce$cljs$0core$0IFn$0_invoke$0arity$04:Zc
cljs$core$assoc:K
cljs$core$assoc_BANG_$cljs$0core$0IFn$0_invoke$0arity$03:Ie
cljs$core$assoc_in:yf
cljs$core$atom$cljs$0core$0IFn$0_invoke$0arity$01:lf
cljs$core$bit_count:me
cljs$core$boolean$0:Nd
cljs$core$bounded_count:Fe
cljs$core$build_subvec:fg
cljs$core$char$0:je
cljs$core$char_escapes:Dh
cljs$core$chunk:Ee
cljs$core$chunk_append:De
cljs$core$chunk_buffer:Ae
cljs$core$chunk_cons:Ce
cljs$core$chunked_seq:Vf
cljs$core$chunked_seq$cljs$0core$0IFn$0_invoke$0arity$04:Uf
cljs$core$chunked_seq$cljs$0core$0IFn$0_invoke$0arity$05:dg
cljs$core$chunked_seq_QMARK_:Jd
cljs$core$ci_reduce$cljs$0core$0IFn$0_invoke$0arity$02:Vc
cljs$core$ci_reduce$cljs$0core$0IFn$0_invoke$0arity$03:Wc
cljs$core$clj__GT_js:Yh
cljs$core$clone_and_set$cljs$0core$0IFn$0_invoke$0arity$03:Fg
cljs$core$coll_QMARK_:Dd
cljs$core$comp:ef
cljs$core$compare:Rd
cljs$core$compare_indexed$cljs$0core$0IFn$0_invoke$0arity$02:Sd
cljs$core$compare_keywords:se
cljs$core$compare_symbols:zc
cljs$core$complement:df
cljs$core$concat:He
cljs$core$conj:od
cljs$core$cons:jd
cljs$core$contains_QMARK_:Qd
cljs$core$count:G
cljs$core$counted_QMARK_:$c
cljs$core$create_array_node_seq:Ug
cljs$core$create_array_node_seq$cljs$0core$0IFn$0_invoke$0arity$01:Tg
cljs$core$create_array_node_seq$cljs$0core$0IFn$0_invoke$0arity$03:$g
cljs$core$create_inode_seq:Mg
cljs$core$create_inode_seq$cljs$0core$0IFn$0_invoke$0arity$01:Lg
cljs$core$create_inode_seq$cljs$0core$0IFn$0_invoke$0arity$03:Yg
cljs$core$create_node:Qg
cljs$core$create_node$cljs$0core$0IFn$0_invoke$0arity$06:Rg
cljs$core$create_node$cljs$0core$0IFn$0_invoke$0arity$07:Pg
cljs$core$deref:Uc
cljs$core$disj:Bd
cljs$core$dissoc:ud
cljs$core$do_assoc:Kf
cljs$core$doall$cljs$0core$0IFn$0_invoke$0arity$01:wh
cljs$core$dominates:mi
cljs$core$drop$cljs$0core$0IFn$0_invoke$0arity$02:pf
cljs$core$drop_last$cljs$0core$0IFn$0_invoke$0arity$02:qf
cljs$core$edit_and_set$cljs$0core$0IFn$0_invoke$0arity$04:Hg
cljs$core$empty:rd
cljs$core$empty_QMARK_:Cd
cljs$core$empty_ordered_hash:Oc
cljs$core$empty_unordered_hash:Qc
cljs$core$enable_console_print_BANG_:Ea
cljs$core$equiv_map:pg
cljs$core$equiv_sequential:id
cljs$core$es6_iterator:Kc
cljs$core$es6_iterator_seq:Gc
cljs$core$even_QMARK_:cf
cljs$core$every_QMARK_:af
cljs$core$ex_info$cljs$0core$0IFn$0_invoke$0arity$02:Ki
cljs$core$filter$cljs$0core$0IFn$0_invoke$0arity$02:tf
cljs$core$find_and_cache_best_method:ni
cljs$core$first:D
cljs$core$fn_QMARK_:vd
cljs$core$fn__GT_comparator:Ud
cljs$core$fnil$cljs$0core$0IFn$0_invoke$0arity$02:gf
cljs$core$frequencies:uh
cljs$core$gensym$cljs$0core$0IFn$0_invoke$0arity$01:Uh
cljs$core$gensym_counter:Th
cljs$core$get:Bc
cljs$core$get$cljs$0core$0IFn$0_invoke$0arity$02:u
cljs$core$get$cljs$0core$0IFn$0_invoke$0arity$03:Cc
cljs$core$get_global_hierarchy:ei
cljs$core$get_in$cljs$0core$0IFn$0_invoke$0arity$02:xf
cljs$core$hash:xc
cljs$core$hash_collision_node_find_index:Vg
cljs$core$hash_combine:yc
cljs$core$hash_map:gh
cljs$core$hash_ordered_coll:Nc
cljs$core$hash_string:wc
cljs$core$hash_unordered_coll:Pc
cljs$core$identity:ge
cljs$core$ifn_QMARK_:Od
cljs$core$imul:pc
cljs$core$inc:Rc
cljs$core$indexed_QMARK_:ad
cljs$core$inode_kv_reduce:Ig
cljs$core$integer_QMARK_:Pd
cljs$core$interleave:sf
cljs$core$into:vf
cljs$core$into_array$cljs$0core$0IFn$0_invoke$0arity$02:Oa
cljs$core$isa_QMARK_$cljs$0core$0IFn$0_invoke$0arity$03:ii
cljs$core$iter_reduce$cljs$0core$0IFn$0_invoke$0arity$02:ce
cljs$core$iter_reduce$cljs$0core$0IFn$0_invoke$0arity$03:de
cljs$core$iterable_QMARK_:Ec
cljs$core$js__GT_clj$cljs$0core$0IFn$0_invoke$0arity$0variadic:bi
cljs$core$juxt$cljs$0core$0IFn$0_invoke$0arity$02:vh
cljs$core$keep$cljs$0core$0IFn$0_invoke$0arity$02:jf
cljs$core$key:Zf
cljs$core$key__GT_js$cljs$0core$0IFn$0_invoke$0arity$02:Xh
cljs$core$key_test:zg
cljs$core$keys:Wd
cljs$core$keyword:ue
cljs$core$last:nd
cljs$core$lift_ns:Ph
cljs$core$linear_traversal_nth$cljs$0core$0IFn$0_invoke$0arity$03:sd
cljs$core$list:qe
cljs$core$list_QMARK_:ne
cljs$core$lookup_sentinel:Ld
cljs$core$m3_fmix:sc
cljs$core$m3_hash_unencoded_chars:tc
cljs$core$m3_mix_H1:rc
cljs$core$m3_mix_K1:qc
cljs$core$map:nf
cljs$core$map_QMARK_:Gd
cljs$core$map_entry_QMARK_:Yf
cljs$core$map_indexed$cljs$0core$0IFn$0_invoke$0arity$02:hf
cljs$core$mapv$cljs$0core$0IFn$0_invoke$0arity$02:wf
cljs$core$merge:kh
cljs$core$meta:Ad
cljs$core$missing_protocol:Ja
cljs$core$mod:ke
cljs$core$name:ve
cljs$core$namespace:te
cljs$core$native_satisfies_QMARK_:Ha
cljs$core$never_equiv:og
cljs$core$new_path:Ff
cljs$core$next:E
cljs$core$next_STAR_:Ke
cljs$core$not:Ga
cljs$core$not_EQ_$cljs$0core$0IFn$0_invoke$0arity$02:We
cljs$core$nth:dd
cljs$core$nth$cljs$0core$0IFn$0_invoke$0arity$02:cd
cljs$core$nth$cljs$0core$0IFn$0_invoke$0arity$03:J
cljs$core$pam_grow_seed_array:Bg
cljs$core$pam_new_size:Ag
cljs$core$parents$cljs$0core$0IFn$0_invoke$0arity$01:ji
cljs$core$partial:ff
cljs$core$pop_tail:Lf
cljs$core$pr_opts:xa
cljs$core$pr_sequential_writer:zh
cljs$core$pr_str$cljs$0core$0IFn$0_invoke$0arity$0variadic:Mh
cljs$core$pr_str_STAR_:oc
cljs$core$pr_str_with_opts:Lh
cljs$core$pr_writer:Hh
cljs$core$pr_writer_impl:Gh
cljs$core$prefers_STAR_:li
cljs$core$prim_seq$cljs$0core$0IFn$0_invoke$0arity$02:H
cljs$core$print_map:Ih
cljs$core$print_meta_QMARK_:Fh
cljs$core$print_prefix_map:Qh
cljs$core$println$cljs$0core$0IFn$0_invoke$0arity$0variadic:Nh
cljs$core$push_tail:Gf
cljs$core$pv_clone_node:Df
cljs$core$pv_fresh_node:Cf
cljs$core$pv_reduce$cljs$0core$0IFn$0_invoke$0arity$04:Of
cljs$core$pv_reduce$cljs$0core$0IFn$0_invoke$0arity$05:Pf
cljs$core$quot:le
cljs$core$quote_string:Eh
cljs$core$random_uuid:Ii
cljs$core$ranged_iterator:Nf
cljs$core$re_find:yh
cljs$core$re_matches:xh
cljs$core$record_QMARK_:Hd
cljs$core$reduce:Qa
cljs$core$reduce$cljs$0core$0IFn$0_invoke$0arity$02:ee
cljs$core$reduce$cljs$0core$0IFn$0_invoke$0arity$03:Pa
cljs$core$reduce_kv:fe
cljs$core$reduced_QMARK_:Tc
cljs$core$remove$cljs$0core$0IFn$0_invoke$0arity$02:uf
cljs$core$remove_pair:Gg
cljs$core$reset_BANG_:mf
cljs$core$reset_cache:ki
cljs$core$rest:Hc
cljs$core$reverse:pe
cljs$core$select_keys:lh
cljs$core$seq:A
cljs$core$seq_QMARK_:Md
cljs$core$seq_reduce:ld
cljs$core$seq_reduce$cljs$0core$0IFn$0_invoke$0arity$02:kd
cljs$core$seq_reduce$cljs$0core$0IFn$0_invoke$0arity$03:md
cljs$core$sequential_QMARK_:Fd
cljs$core$set:sh
cljs$core$set_QMARK_:Ed
cljs$core$some:bf
cljs$core$sort$cljs$0core$0IFn$0_invoke$0arity$01:Vd
cljs$core$sort$cljs$0core$0IFn$0_invoke$0arity$02:Zd
cljs$core$sort_by$cljs$0core$0IFn$0_invoke$0arity$02:ae
cljs$core$sort_by$cljs$0core$0IFn$0_invoke$0arity$03:be
cljs$core$spread:Ge
cljs$core$str:q
cljs$core$string_hash_cache:uc
cljs$core$string_hash_cache_count:vc
cljs$core$string_print:Ch
cljs$core$strip_ns:Oh
cljs$core$swap_BANG_:M
cljs$core$symbol:Dc
cljs$core$t_cljs$0core253118:Xe
cljs$core$tail_off:Ef
cljs$core$take$cljs$0core$0IFn$0_invoke$0arity$02:of
cljs$core$take_nth$cljs$0core$0IFn$0_invoke$0arity$02:th
cljs$core$throw_no_method_error:oi
cljs$core$to_array:$d
cljs$core$transduce$cljs$0core$0IFn$0_invoke$0arity$04:he
cljs$core$truth_:p
cljs$core$tv_editable_root:Sf
cljs$core$tv_editable_tail:Tf
cljs$core$tv_ensure_editable:gg
cljs$core$tv_push_tail:hg
cljs$core$type:Ia
cljs$core$type__GT_str:La
cljs$core$unchecked_array_for:If
cljs$core$update:Af
cljs$core$update_in:zf
cljs$core$val:$f
cljs$core$vals:vg
cljs$core$vec:Xf
cljs$core$vector:ag
cljs$core$vector_QMARK_:Id
cljs$core$vector_index_out_of_bounds:Hf
cljs$core$with_meta:zd
cljs$core$write_all$cljs$0core$0IFn$0_invoke$0arity$0variadic:Bh
cljs$cst$0$flush_on_newline:ya
cljs$cst$1$readably:za
cljs$cst$105$more_marker:Ah
cljs$cst$106$alt_impl:Jh
cljs$cst$107$fallback_impl:Kh
cljs$cst$108$val:Rh
cljs$cst$109$status:tj
cljs$cst$126$keyword_fn:Zh
cljs$cst$127$keywordize_keys:ci
cljs$cst$128$parents:fi
cljs$cst$129$descendants:gi
cljs$cst$130$ancestors:hi
cljs$cst$138$uuid:jj
cljs$cst$139$type:ur
cljs$cst$141$message:Rj
cljs$cst$142$data:dk
cljs$cst$178$error:Bl
cljs$cst$179$name:Eo
cljs$cst$182$class:xk
cljs$cst$183$style:P
cljs$cst$184$key:rr
cljs$cst$186$on_dispose:zp
cljs$cst$187$f:$n
cljs$cst$189$auto_run:Sj
cljs$cst$190$path:nl
cljs$cst$193$on_set:mn
cljs$cst$194$no_cache:sj
cljs$cst$2$meta:Aa
cljs$cst$202$shouldComponentUpdate:gk
cljs$cst$203$componentWillUnmount:Dn
cljs$cst$204$reagentRender:Kk
cljs$cst$205$render:fl
cljs$cst$206$displayName:Dp
cljs$cst$207$cljsLegacyRender:fm
cljs$cst$208$childContextTypes:kk
cljs$cst$209$contextTypes:mp
cljs$cst$210$contextType:Xm
cljs$cst$211$getDerivedStateFromProps:Tj
cljs$cst$212$getDerivedStateFromError:Sp
cljs$cst$213$getInitialState:uo
cljs$cst$214$constructor:qj
cljs$cst$215$reagent_render:ap
cljs$cst$216$on_write:xn
cljs$cst$217$display_name:Cq
cljs$cst$218$component_did_update:Oo
cljs$cst$219$component_will_unmount:sk
cljs$cst$222$id:Vm
cljs$cst$223$className:Fn
cljs$cst$229$function_components:lm
cljs$cst$230$parse_tag:Vj
cljs$cst$234$electron:tk
cljs$cst$235$web:np
cljs$cst$236$node:qn
cljs$cst$237$unknown:jr
cljs$cst$238$opencode_url:dq
cljs$cst$239$opencodeUrl:Zl
cljs$cst$240$opencode_api_key:zm
cljs$cst$241$opencodeApiKey:Om
cljs$cst$242$openplanner_api_key:rk
cljs$cst$243$openplannerApiKey:Zm
cljs$cst$244$sessions:Po
cljs$cst$245$rows:Gn
cljs$cst$246$sessionID:Dm
cljs$cst$247$session_id:Jl
cljs$cst$248$title:hl
cljs$cst$249$info:km
cljs$cst$250$openplanner_url:zo
cljs$cst$251$openplannerUrl:Oi
cljs$cst$252$endpoint:dr
cljs$cst$253$api_key:bq
cljs$cst$254$client:Cm
cljs$cst$255$last_ts:Wl
cljs$cst$256$session:Uo
cljs$cst$257$session_title:Cr
cljs$cst$258$sessionTitle:Gp
cljs$cst$259$project:wp
cljs$cst$260$event_count:to
cljs$cst$261$time:kq
cljs$cst$262$snippet:Hl
cljs$cst$263$source:ym
cljs$cst$264$session_title:Nj
cljs$cst$265$kind:jk
cljs$cst$266$timestamp:jq
cljs$cst$267$openplanner:ho
cljs$cst$268$q:An
cljs$cst$269$limit:sr
cljs$cst$270$ts:bp
cljs$cst$271$k:Xn
cljs$cst$272$result:rq
cljs$cst$273$ids:Dq
cljs$cst$274$metadatas:Ui
cljs$cst$275$documents:fj
cljs$cst$276$distances:Ak
cljs$cst$277$distance:Eq
cljs$cst$278$metadata:Qo
cljs$cst$279$text:gn
cljs$cst$280$filePath:hj
cljs$cst$281$buffers:Xd
cljs$cst$282$current_buffer:lr
cljs$cst$283$evil_state:$k
cljs$cst$284$mode:ro
cljs$cst$285$normal:Tm
cljs$cst$286$register:fr
cljs$cst$287$last_search:Wo
cljs$cst$288$search_direction:Tk
cljs$cst$289$forward:Zk
cljs$cst$290$count:wj
cljs$cst$291$statusbar:Jj
cljs$cst$292$left:Si
cljs$cst$293$center:um
cljs$cst$294$right:Dj
cljs$cst$295$ui:Rn
cljs$cst$296$theme:Mj
cljs$cst$297$dark:Sq
cljs$cst$298$backend:Am
cljs$cst$299$connected_QMARK_:Kp
cljs$cst$3$dup:Ba
cljs$cst$300$last_error:Io
cljs$cst$301$search_surface:go
cljs$cst$302$visible_QMARK_:oj
cljs$cst$303$query:Rl
cljs$cst$304$active_tab:om
cljs$cst$305$filter:wo
cljs$cst$306$all:yk
cljs$cst$307$view:Fq
cljs$cst$308$list:mm
cljs$cst$309$page:Co
cljs$cst$310$page_size:Li
cljs$cst$311$imports:pj
cljs$cst$312$chatgpt:Ck
cljs$cst$313$file_path:Lq
cljs$cst$314$job:vo
cljs$cst$315$idle:uj
cljs$cst$316$inspector:kp
cljs$cst$317$selection:Tl
cljs$cst$318$context:rp
cljs$cst$319$context_source:jn
cljs$cst$320$pane_error:Bp
cljs$cst$321$pinned:xr
cljs$cst$322$active_pinned_key:hk
cljs$cst$323$activity_items:Vo
cljs$cst$324$semantic:Yn
cljs$cst$325$done:Oq
cljs$cst$326$creating:pm
cljs$cst$327$language:ik
cljs$cst$328$modified_QMARK_:Jq
cljs$cst$329$original_content:yl
cljs$cst$330$content:vl
cljs$cst$331$scroll_pos:$i
cljs$cst$332$redo_stack:ir
cljs$cst$333$undo_stack:an
cljs$cst$334$cursor_pos:yr
cljs$cst$335$created_at:Ni
cljs$cst$336$last_modified:am
cljs$cst$337$which_key_QMARK_:Yo
cljs$cst$338$command_palette:tp
cljs$cst$339$item:Fr
cljs$cst$340$success:uk
cljs$cst$341$saved_QMARK_:Wj
cljs$cst$343$version:Kl
cljs$cst$345$enabled:Yq
cljs$cst$347$description:lj
cljs$cst$349$handler:pl
cljs$cst$350$workspace_url:Sn
cljs$cst$351$workspaceUrl:wr
cljs$cst$352$workspace_api_key:yj
cljs$cst$353$workspaceApiKey:al
cljs$cst$354$method:Yi
cljs$cst$355$headers:uq
cljs$cst$356$body:oo
cljs$cst$357$selected_index:el
cljs$cst$358$feedback:sm
cljs$cst$359$last_event:dn
cljs$cst$360$events:Rp
cljs$cst$361$pending_confirmation:Ar
cljs$cst$362$destructive_QMARK_:Qi
cljs$cst$363$confirm_message:Nl
cljs$cst$364$keywords:xl
cljs$cst$365$command_id:ql
cljs$cst$366$light:Rk
cljs$cst$367$div_DOT_command_palette:Km
cljs$cst$368$data_testid:vr
cljs$cst$369$box_shadow:vn
cljs$cst$370$max_height:ak
cljs$cst$371$transform:tn
cljs$cst$372$top:Uk
cljs$cst$373$overflow:Al
cljs$cst$374$background_color:Ll
cljs$cst$375$width:bk
cljs$cst$376$z_index:gp
cljs$cst$377$display:up
cljs$cst$378$position:zr
cljs$cst$379$border:Bo
cljs$cst$380$border_radius:zl
cljs$cst$381$flex_direction:hq
cljs$cst$382$div:Q
cljs$cst$383$padding:Y
cljs$cst$384$border_bottom:ul
cljs$cst$385$font_size:X
cljs$cst$386$text_transform:cr
cljs$cst$387$letter_spacing:bo
cljs$cst$388$color:S
cljs$cst$389$input_DOT_command_input:lo
cljs$cst$390$value:Em
cljs$cst$391$on_change:wl
cljs$cst$392$on_key_down:qr
cljs$cst$393$placeholder:Tp
cljs$cst$394$background:rl
cljs$cst$395$outline:Gk
cljs$cst$396$data_command_id:Jm
cljs$cst$397$data_status:Fl
cljs$cst$398$div_DOT_command_list:Tn
cljs$cst$399$overflow_y:gj
cljs$cst$4$print_length:Ca
cljs$cst$400$button_DOT_command_item:mj
cljs$cst$401$on_mouse_enter:Lk
cljs$cst$402$on_click:bm
cljs$cst$403$align_items:zq
cljs$cst$404$text_align:Lm
cljs$cst$405$cursor:hn
cljs$cst$406$border_left:Oj
cljs$cst$407$justify_content:ol
cljs$cst$408$gap:nq
cljs$cst$409$font_weight:tr
cljs$cst$410$border_top:Vi
cljs$cst$411$span:nr
cljs$cst$412$button:or
cljs$cst$413$buffer_id:Bk
cljs$cst$414$cached:Lo
cljs$cst$415$start:Hp
cljs$cst$416$end:Xl
cljs$cst$417$insert:bl
cljs$cst$418$visual:Vl
cljs$cst$419$visual_line:$p
cljs$cst$420$consume_word:Kj
cljs$cst$421$consume_space:zj
cljs$cst$422$skip_space:er
cljs$cst$423$textarea_DOT_editor_content:Ml
cljs$cst$424$read_only:Wi
cljs$cst$425$ref:vm
cljs$cst$426$on_before_input:Um
cljs$cst$427$line_height:op
cljs$cst$428$white_space:El
cljs$cst$429$resize:Gr
cljs$cst$430$caret_color:ek
cljs$cst$431$font_family:wq
cljs$cst$432$height:vq
cljs$cst$433$pending_prompts:en
cljs$cst$434$chat_stream:yq
cljs$cst$435$api_endpoint:im
cljs$cst$436$active_agents:xm
cljs$cst$437$pending_permissions:pq
cljs$cst$438$available_tools:Ep
cljs$cst$439$baseUrl:ko
cljs$cst$440$server_info:so
cljs$cst$441$app_name:Zq
cljs$cst$442$tools:Xj
cljs$cst$443$tool_name:ep
cljs$cst$444$parameters:Op
cljs$cst$445$started_at:Ip
cljs$cst$446$options:no
cljs$cst$447$command:Pj
cljs$cst$448$arguments:dj
cljs$cst$449$completed_at:lq
cljs$cst$450$execution_id:ck
cljs$cst$451$agents:Xq
cljs$cst$452$agent:yo
cljs$cst$453$agent_id:Un
cljs$cst$454$agent_type:lp
cljs$cst$455$parts:mq
cljs$cst$456$message_id:Nn
cljs$cst$457$response:Pl
cljs$cst$461$role:Dk
cljs$cst$463$last_saved:co
cljs$cst$464$buffer_type:fp
cljs$cst$465$agent_chat:eq
cljs$cst$466$tool_execution:Np
cljs$cst$467$action:un
cljs$cst$468$opencode_auto_save:Mp
cljs$cst$47$validator:Vp
cljs$cst$486$nil:Mi
cljs$cst$487$string:Zi
cljs$cst$488$strable:Mk
cljs$cst$489$vector:Up
cljs$cst$490$map:Yk
cljs$cst$491$set:$m
cljs$cst$492$hierarchy:Ao
cljs$cst$493$default:Di
cljs$cst$494$reader_exception:bj
cljs$cst$495$ex_kind:Nk
cljs$cst$496$file:Fm
cljs$cst$497$line:Xi
cljs$cst$498$col:Qk
cljs$cst$499$reader_error:Gq
cljs$cst$500$illegal_argument:$o
cljs$cst$501$eof:Gl
cljs$cst$503$character:Aq
cljs$cst$504$column:sl
cljs$cst$507$symbol:Wq
cljs$cst$508$_SLASH_:sn
cljs$cst$509$keyword:Gm
cljs$cst$510$NaN:Pm
cljs$cst$511$_Inf:em
cljs$cst$512$Inf:wk
cljs$cst$535$namespaced_map:Kq
cljs$cst$538$readers:ll
cljs$cst$539$inst:ip
cljs$cst$540$queue:fn
cljs$cst$541$js:cj
cljs$cst$542$min_width:Qp
cljs$cst$543$max_width:gr
cljs$cst$544$on_resize:Hk
cljs$cst$545$direction:eo
cljs$cst$546$children:Jk
cljs$cst$547$component_did_mount:To
cljs$cst$548$div_DOT_resizable_pane:ar
cljs$cst$549$div_DOT_resize_handle:cl
cljs$cst$550$on_mouse_down:Yp
cljs$cst$551$bottom:pk
cljs$cst$552$transition:pn
cljs$cst$553$div_DOT_workflow_nav:Zp
cljs$cst$554$border_right:iq
cljs$cst$555$padding_top:Gj
cljs$cst$556$label:So
cljs$cst$557$icon:Fk
cljs$cst$558$target_route:kl
cljs$cst$559$button_DOT_nav_item:fk
cljs$cst$560$h2:nk
cljs$cst$561$margin:Pp
cljs$cst$562$p:En
cljs$cst$563$grid_template_columns:Ek
cljs$cst$564$input:hr
cljs$cst$565$checked:Uq
cljs$cst$566$div_DOT_header:dl
cljs$cst$567$div_DOT_header_left:pp
cljs$cst$568$h1_DOT_app_title:qq
cljs$cst$569$nav_DOT_menu_bar:Pk
cljs$cst$570$button_DOT_menu_item:zk
cljs$cst$571$div_DOT_header_right:Jp
cljs$cst$572$button_DOT_window_control:Cj
cljs$cst$573$entries:Im
cljs$cst$574$root:Il
cljs$cst$575$div_DOT_file_item:xq
cljs$cst$576$text_overflow:Zn
cljs$cst$577$div_DOT_left_sidebar:tm
cljs$cst$578$div_DOT_sidebar_section:nn
cljs$cst$579$margin_bottom:Ir
cljs$cst$580$h3_DOT_sidebar_title:fq
cljs$cst$581$word_break:wm
cljs$cst$582$div_DOT_file_tree:wn
cljs$cst$583$div_DOT_tab_bar:Bn
cljs$cst$584$overflow_x:kj
cljs$cst$585$div_DOT_tab:yp
cljs$cst$586$span_DOT_tab_name:Wn
cljs$cst$587$margin_right:Fo
cljs$cst$588$span_DOT_modified_indicator:Go
cljs$cst$589$button_DOT_tab_close:It
cljs$cst$590$margin_left:mo
cljs$cst$591$div_DOT_inspector_pane:Hq
cljs$cst$592$div_DOT_inspector_sticky_header:Ap
cljs$cst$593$margin_top:Ij
cljs$cst$594$flex_wrap:Ho
cljs$cst$595$disabled:Cp
cljs$cst$596$opacity:Sk
cljs$cst$597$padding_bottom:pr
cljs$cst$598$div_DOT_inspector_content:po
cljs$cst$599$div_DOT_status_bar:oq
cljs$cst$600$div_DOT_status_left:cq
cljs$cst$601$div_DOT_status_center:Sl
cljs$cst$602$div_DOT_status_right:kn
cljs$cst$603$which_key:Uj
cljs$cst$604$div_DOT_which_key_popup:kr
cljs$cst$605$active:qp
cljs$cst$606$visibility:rj
cljs$cst$607$div_DOT_which_key_title:$l
cljs$cst$608$prefix:aj
cljs$cst$609$div_DOT_which_key_bindings:Cl
cljs$cst$610$div_DOT_binding_row:yn
cljs$cst$611$span_DOT_key:Bj
cljs$cst$612$span_DOT_desc:vp
cljs$cst$613$div_DOT_minimap:Ro
cljs$cst$614$div_DOT_minimap_line:aq
cljs$cst$615$output:Dr
cljs$cst$616$processed:rn
cljs$cst$617$flex:Ti
cljs$cst$618$div_DOT_activity_list:Ul
cljs$cst$619$div_DOT_activity_filters:on
cljs$cst$620$button_DOT_filter_btn:jp
cljs$cst$621$div_DOT_view_toggle:Br
cljs$cst$622$table:xo
cljs$cst$623$div_DOT_no_results:Hm
cljs$cst$624$_LT__GT_:mr
cljs$cst$625$data_select_testid:Rm
cljs$cst$626$align_self:Qq
cljs$cst$627$padding_right:Dl
cljs$cst$628$div_DOT_result_item:Qj
cljs$cst$629$div_DOT_result_icon:Fp
cljs$cst$630$div_DOT_result_content:Jr
cljs$cst$631$div_DOT_result_title:Zj
cljs$cst$632$div_DOT_result_snippet:ml
cljs$cst$633$_webkit_line_clamp:il
cljs$cst$634$_webkit_box_orient:qm
cljs$cst$635$div_DOT_result_time:qk
cljs$cst$636$doc:jl
cljs$cst$637$desc:Mo
cljs$cst$638$memory:Aj
cljs$cst$639$tool:Do
cljs$cst$640$div_DOT_search_content:tl
cljs$cst$641$div_DOT_search_header:Ko
cljs$cst$642$input_DOT_search_input:nm
cljs$cst$643$auto_focus:vj
cljs$cst$644$div_DOT_search_tabs:cp
cljs$cst$645$div_DOT_search_tab:Ri
cljs$cst$646$docs:xp
cljs$cst$647$memories:ej
cljs$cst$648$div_DOT_search_results:fo
cljs$cst$649$div_DOT_result_desc:gl
cljs$cst$650$div_DOT_search_surface_modal:Xk
cljs$cst$651$left_pane_width:Ik
cljs$cst$652$sessions_pane_width:On
cljs$cst$653$right_pane_width:Bm
cljs$cst$654$sessions_visible_QMARK_:ok
cljs$cst$655$inspector_visible_QMARK_:cm
cljs$cst$656$div_DOT_shell:Lp
cljs$cst$657$tabIndex:Pn
cljs$cst$658$div_DOT_workspace:Qn
cljs$cst$659$div_DOT_main_area:tq
cljs$cst$660$ready_state:xj
cljs$cst$661$mounted_QMARK_:sq
cljs$cst$662$host_count:Pq
cljs$cst$663$event_count:Ok
cljs$cst$664$increment_host_count_BANG_:br
cljs$cst$665$emit_donor_event_BANG_:Tq
cljs$cst$666$aside:Vk
cljs$cst$667$h3:mk
cljs$cst$668$strong:Mq
cljs$cst$669$section:dp
cljs$cst$670$article:Mn
cljs$cst$671$chat_pending_QMARK_:Nq
cljs$cst$672$min_height:Ym
cljs$cst$673$user:Fj
cljs$cst$674$textarea:Qm
cljs$cst$675$pre:$q
cljs$cst$679$div_DOT_no_buffer:Ol
cljs$cst$680$div_DOT_editor_area:gm
cljs$cst$681$div_DOT_editor_pane:lk
cljs$cst$682$minimap:hm
cljs$cst$689$leader:cn
cljs$cst$690$bindings:Xp
cljs$cst$691$down:jm
cljs$cst$692$up:ao
cljs$cst$693$word_forward:io
cljs$cst$694$word_backward:Mm
cljs$cst$695$loaded_plugins:Vq
cljs$cst$696$active_plugins:sp
cljs$cst$697$available_plugins:Xo
cljs$cst$698$plugin_hooks:Pi
cljs$cst$699$plugin_commands:hp
cljs$cst$701$loading:Sm
cljs$cst$702$loaded:Lj
cljs$cst$703$activating:ln
cljs$cst$705$buffer_created:nj
cljs$cst$706$buffer_saved:qo
cljs$cst$707$buffer_closed:Cn
cljs$cst$708$editor_focused:Vn
cljs$cst$709$editor_blurred:Wm
cljs$cst$710$key_pressed:Nm
cljs$cst$711$command_executed:Ql
cljs$cst$712$theme_changed:bn
cljs$cst$713$workspace_loaded:gq
cljs$cst$714$workspace_saved:dm
cljs$cst$715$permissions:No
cljs$cst$716$config:rm
cljs$cst$717$hooks:Er
cljs$cst$718$author:Ej
cljs$cst$719$commands:Wp
cljs$cst$720$main:jo
cljs$cst$721$dependencies:Bq
cljs$cst$722$required:Yj
cljs$cst$723$boolean:Rq
cljs$cst$724$field:Wk
cljs$cst$725$plugin:Iq
cljs$cst$726$valid:zn
cljs$cst$727$instance:Hr
cljs$cst$728$state:Zo
cljs$cst$729$loaded_at:Yl
cljs$cst$730$namespace:ij
cljs$cst$731$plugin_id:vk
cljs$cst$732$activate:Hj
cljs$cst$733$plugin_activated:Cy
cljs$cst$747$connectionStatus:dA
cljs$cst$748$activeSessions:eA
cljs$cst$78$tag:Jo
cljs$cst$98$cljs_DOT_core_SLASH_not_found:nh
cljs$reader$_STAR_default_data_reader_fn_STAR_:Vx
cljs$reader$_STAR_tag_table_STAR_:Wx
cljs$reader$check:Tx
cljs$reader$days_in_month:Qx
cljs$reader$parse_and_validate_timestamp:Ux
cljs$reader$parse_int:Sx
cljs$reader$timestamp_regex:Rx
cljs$tools$reader$edn$dispatch_macros:sx
cljs$tools$reader$edn$escape_char:Gx
cljs$tools$reader$edn$macro_terminating_QMARK_:nx
cljs$tools$reader$edn$macros:ox
cljs$tools$reader$edn$not_constituent_QMARK_:px
cljs$tools$reader$edn$read:Bx
cljs$tools$reader$edn$read$cljs$0core$0IFn$0_invoke$0arity$02:Px
cljs$tools$reader$edn$read$cljs$0core$0IFn$0_invoke$0arity$04:Ax
cljs$tools$reader$edn$read_char_STAR_:xx
cljs$tools$reader$edn$read_delimited:zx
cljs$tools$reader$edn$read_discard:Mx
cljs$tools$reader$edn$read_dispatch:rx
cljs$tools$reader$edn$read_keyword:Jx
cljs$tools$reader$edn$read_list:Cx
cljs$tools$reader$edn$read_map:Ex
cljs$tools$reader$edn$read_meta:Kx
cljs$tools$reader$edn$read_namespaced_map:Nx
cljs$tools$reader$edn$read_number:Fx
cljs$tools$reader$edn$read_set:Lx
cljs$tools$reader$edn$read_string_STAR_:Hx
cljs$tools$reader$edn$read_symbol:Ix
cljs$tools$reader$edn$read_symbolic_value:Ox
cljs$tools$reader$edn$read_tagged:tx
cljs$tools$reader$edn$read_token$cljs$0core$0IFn$0_invoke$0arity$04:qx
cljs$tools$reader$edn$read_unicode_char$cljs$0core$0IFn$0_invoke$0arity$04:vx
cljs$tools$reader$edn$read_unicode_char$cljs$0core$0IFn$0_invoke$0arity$05:wx
cljs$tools$reader$edn$read_unmatched_delimiter:ux
cljs$tools$reader$edn$read_vector:Dx
cljs$tools$reader$edn$starting_line_col_info:yx
cljs$tools$reader$impl$commons$float_pattern:hx
cljs$tools$reader$impl$commons$int_pattern:fx
cljs$tools$reader$impl$commons$match_number:jx
cljs$tools$reader$impl$commons$matches_QMARK_:ix
cljs$tools$reader$impl$commons$parse_symbol:kx
cljs$tools$reader$impl$commons$ratio_pattern:gx
cljs$tools$reader$impl$commons$read_comment:lx
cljs$tools$reader$impl$commons$read_past:ex
cljs$tools$reader$impl$commons$throwing_reader:mx
cljs$tools$reader$impl$errors$duplicate_keys_error:cx
cljs$tools$reader$impl$errors$eof_error$cljs$0core$0IFn$0_invoke$0arity$0variadic:Ww
cljs$tools$reader$impl$errors$illegal_arg_error$cljs$0core$0IFn$0_invoke$0arity$0variadic:Vw
cljs$tools$reader$impl$errors$reader_error$cljs$0core$0IFn$0_invoke$0arity$0variadic:Uw
cljs$tools$reader$impl$errors$throw_bad_char:Zw
cljs$tools$reader$impl$errors$throw_bad_octal_number:bx
cljs$tools$reader$impl$errors$throw_dup_keys:dx
cljs$tools$reader$impl$errors$throw_eof_reading$cljs$0core$0IFn$0_invoke$0arity$0variadic:$w
cljs$tools$reader$impl$errors$throw_ex$cljs$0core$0IFn$0_invoke$0arity$0variadic:Tw
cljs$tools$reader$impl$errors$throw_invalid:Yw
cljs$tools$reader$impl$errors$throw_invalid_unicode_digit:ax
cljs$tools$reader$impl$errors$throw_odd_map:Xw
cljs$tools$reader$impl$inspect$dispatch_inspect:Ci
cljs$tools$reader$impl$inspect$inspect_STAR_:Gi
cljs$tools$reader$impl$inspect$inspect_STAR__col:Sw
cljs$tools$reader$impl$utils$char_code:Iw
cljs$tools$reader$impl$utils$namespace_keys:Hw
cljs$tools$reader$impl$utils$numeric_QMARK_:Gw
cljs$tools$reader$impl$utils$whitespace_QMARK_:Fw
cljs$tools$reader$impl$utils$ws_rx:Ew
cljs$tools$reader$reader_types$PushbackReader:Qw
cljs$tools$reader$reader_types$StringReader:Pw
cljs$tools$reader$reader_types$get_column_number:Nw
cljs$tools$reader$reader_types$get_file_name:Ow
cljs$tools$reader$reader_types$get_line_number:Mw
cljs$tools$reader$reader_types$indexing_reader_QMARK_:Rw
cljs$tools$reader$reader_types$peek_char:Kw
cljs$tools$reader$reader_types$read_char:Jw
cljs$tools$reader$reader_types$unread:Lw
clojure$set$difference:xs
clojure$string$blank_QMARK_:Xr
clojure$string$join$cljs$0core$0IFn$0_invoke$0arity$02:Sr
clojure$string$replace:Rr
clojure$string$replace_all:Pr
clojure$string$replace_with:Qr
clojure$string$split$cljs$0core$0IFn$0_invoke$0arity$02:Tr
clojure$string$split_lines:Ur
clojure$string$starts_with_QMARK_:Yr
clojure$string$trim:Vr
fn_to_element$jscomp$inline_1049:Vz
goog$UID_PROPERTY_:da
goog$exportSymbol:ha
goog$getUid:ca
goog$global:aa
goog$string$StringBuffer:sa
goog$string$internal$contains:ja
goog$string$internal$trim:ia
goog$typeOf:ba
goog$uidCounter_:fa
hierarchy__5603__auto__$jscomp$inline_1668:qi
id$jscomp$inline_1048:Uz
method_cache__5601__auto__$jscomp$inline_1666:Ai
method_table__5599__auto__$jscomp$inline_1664:yi
module$contents$goog$array_defaultCompare:qa
module$contents$goog$array_sort:pa
module$contents$goog$array_stableSort:ra
module$contents$goog$object_PROTOTYPE_FIELDS:na
module$contents$goog$object_extend:oa
module$contents$goog$object_get:ma
module$contents$goog$object_getKeys:ka
module$node_modules$$opencode_ai$sdk$dist$client:Vt
module$node_modules$$promethean_os$opencode_cljs_client$dist$index:$t
module$node_modules$$promethean_os$openplanner_cljs_client$dist$index:Yt
module$node_modules$react$index:Or
module$node_modules$react_dom$client:Ot
opencode_unified$buffers$activate_buffer_BANG_:Av
opencode_unified$buffers$buffer_id_counter:uv
opencode_unified$buffers$close_buffer:Bv
opencode_unified$buffers$create_buffer$cljs$0core$0IFn$0_invoke$0arity$0variadic:Ev
opencode_unified$buffers$delete_char:Sv
opencode_unified$buffers$delete_line:Tv
opencode_unified$buffers$delete_selection:Yv
opencode_unified$buffers$editor:hw
opencode_unified$buffers$enter_normal_mode:Zv
opencode_unified$buffers$enter_visual_line_mode:aw
opencode_unified$buffers$enter_visual_mode:$v
opencode_unified$buffers$error_message:vv
opencode_unified$buffers$exit_visual_mode:bw
opencode_unified$buffers$extend_selection_down:Xv
opencode_unified$buffers$extend_selection_left:Uv
opencode_unified$buffers$extend_selection_right:Vv
opencode_unified$buffers$extend_selection_up:Wv
opencode_unified$buffers$find_file:cw
opencode_unified$buffers$find_next_word_boundary:dw
opencode_unified$buffers$find_open_buffer_id:zv
opencode_unified$buffers$find_prev_word_boundary:ew
opencode_unified$buffers$get_line_content:Kv
opencode_unified$buffers$get_line_range:Lv
opencode_unified$buffers$handle_normal_mode_key:fw
opencode_unified$buffers$handle_visual_mode_key:gw
opencode_unified$buffers$language_for_path:wv
opencode_unified$buffers$line_col_to_pos:Jv
opencode_unified$buffers$list_buffers:Hv
opencode_unified$buffers$move_cursor_down:Pv
opencode_unified$buffers$move_cursor_left:Mv
opencode_unified$buffers$move_cursor_right:Nv
opencode_unified$buffers$move_cursor_up:Ov
opencode_unified$buffers$move_to_line_end:Rv
opencode_unified$buffers$move_to_line_start:Qv
opencode_unified$buffers$open_file:Dv
opencode_unified$buffers$pos_to_line_col:Iv
opencode_unified$buffers$save_current_buffer:Cv
opencode_unified$buffers$save_current_buffer_as:Fv
opencode_unified$buffers$switch_buffer:Gv
opencode_unified$buffers$update_status_BANG_:xv
opencode_unified$buffers$update_statusbar:yv
opencode_unified$command_palette$clear_confirmation_BANG_:nv
opencode_unified$command_palette$close_BANG_:dv
opencode_unified$command_palette$coerce_palette_state:Yu
opencode_unified$command_palette$command_palette:tv
opencode_unified$command_palette$command_registry:Wu
opencode_unified$command_palette$confirm_destructive_BANG_:ov
opencode_unified$command_palette$default_palette_state:Xu
opencode_unified$command_palette$emit_feedback_BANG_:cv
opencode_unified$command_palette$ensure_palette_state_BANG_:Zu
opencode_unified$command_palette$error_message:jv
opencode_unified$command_palette$execute_BANG_:mv
opencode_unified$command_palette$execute_sync_BANG_:kv
opencode_unified$command_palette$execute_unsafe_BANG_:lv
opencode_unified$command_palette$filtered_commands:iv
opencode_unified$command_palette$focus_input_BANG_:ev
opencode_unified$command_palette$handle_palette_keydown_BANG_:rv
opencode_unified$command_palette$init_BANG_:sv
opencode_unified$command_palette$normalize_command:gv
opencode_unified$command_palette$open_BANG_:fv
opencode_unified$command_palette$palette_state:$u
opencode_unified$command_palette$register_commands_BANG_:hv
opencode_unified$command_palette$select_next_BANG_:pv
opencode_unified$command_palette$select_prev_BANG_:qv
opencode_unified$command_palette$update_palette_BANG_:av
opencode_unified$command_palette$update_palette_BANG_$cljs$0core$0IFn$0_invoke$0arity$0variadic:bv
opencode_unified$env$electron_QMARK_:Tt
opencode_unified$env$web_QMARK_:Ut
opencode_unified$evil$beginning_of_buffer:lz
opencode_unified$evil$beginning_of_line:jz
opencode_unified$evil$delete_current_line:pz
opencode_unified$evil$delete_selection:sz
opencode_unified$evil$end_of_buffer:mz
opencode_unified$evil$end_of_line:kz
opencode_unified$evil$enter_insert_mode:cz
opencode_unified$evil$enter_normal_mode:bz
opencode_unified$evil$enter_visual_line_mode:ez
opencode_unified$evil$enter_visual_mode:dz
opencode_unified$evil$exit_visual_mode:fz
opencode_unified$evil$extend_selection:rz
opencode_unified$evil$move_cursor:gz
opencode_unified$evil$open_line_above:oz
opencode_unified$evil$open_line_below:nz
opencode_unified$evil$paste_register:qz
opencode_unified$evil$set_mode_BANG_:$y
opencode_unified$evil$update_statusbar:az
opencode_unified$evil$word_backward:iz
opencode_unified$evil$word_forward:hz
opencode_unified$evil$yank_selection:tz
opencode_unified$keymap$clear_key_sequence:Bz
opencode_unified$keymap$evil_keybindings:zz
opencode_unified$keymap$execute_binding:Ez
opencode_unified$keymap$find_binding:Dz
opencode_unified$keymap$global_keybindings:Iz
opencode_unified$keymap$handle_key_down:Gz
opencode_unified$keymap$handle_key_up:Hz
opencode_unified$keymap$init:Jz
opencode_unified$keymap$key_sequence:wz
opencode_unified$keymap$key_timeout:xz
opencode_unified$keymap$modifier_keys:uz
opencode_unified$keymap$normalize_key:Az
opencode_unified$keymap$set_key_timeout:Cz
opencode_unified$keymap$show_which_key:Fz
opencode_unified$keymap$spacemacs_keybindings:yz
opencode_unified$keymap$special_keys:vz
opencode_unified$layout$activity_list:xy
opencode_unified$layout$chatgpt_import_panel:wy
opencode_unified$layout$command_palette:sy
opencode_unified$layout$docs_route:by
opencode_unified$layout$header:dy
opencode_unified$layout$inspector_pane:py
opencode_unified$layout$layout_commands:Dy
opencode_unified$layout$layout_state:Ay
opencode_unified$layout$left_sidebar:ey
opencode_unified$layout$minimap:ty
opencode_unified$layout$open_session_in_chat_BANG_:ly
opencode_unified$layout$open_session_in_inspector_BANG_:my
opencode_unified$layout$paginate_items:uy
opencode_unified$layout$pagination_controls:vy
opencode_unified$layout$pinned_card_testid:oy
opencode_unified$layout$pinned_tab_testid:ny
opencode_unified$layout$resizable_pane:$x
opencode_unified$layout$search_content:yy
opencode_unified$layout$search_surface:zy
opencode_unified$layout$selection_result_testid:hy
opencode_unified$layout$session_id_of:iy
opencode_unified$layout$session_item_QMARK_:jy
opencode_unified$layout$session_title_of:ky
opencode_unified$layout$settings_route:cy
opencode_unified$layout$shell:Ey
opencode_unified$layout$status_bar:qy
opencode_unified$layout$tab_bar:gy
opencode_unified$layout$testid_safe:fy
opencode_unified$layout$which_key_popup:ry
opencode_unified$layout$workflow_nav:ay
opencode_unified$main$init:Tz
opencode_unified$opencode$clear_chat_stream_BANG_:Kt
opencode_unified$opencode$connect_to_opencode:rw
opencode_unified$opencode$create_session:qw
opencode_unified$opencode$delete_session:Xz
opencode_unified$opencode$disconnect_from_opencode:sw
opencode_unified$opencode$ensure_client:lw
opencode_unified$opencode$ensure_session_id_BANG_:pw
opencode_unified$opencode$execute_tool:uw
opencode_unified$opencode$execute_tool$cljs$0core$0IFn$0_invoke$0arity$0variadic:vw
opencode_unified$opencode$get_opencode_state:Dw
opencode_unified$opencode$init_opencode:Cw
opencode_unified$opencode$list_active_agents:Yz
opencode_unified$opencode$list_available_tools:tw
opencode_unified$opencode$list_sessions:aA
opencode_unified$opencode$opencode_commands:Aw
opencode_unified$opencode$opencode_state:jw
opencode_unified$opencode$opencode_write_file:yw
opencode_unified$opencode$respond_to_control_prompt_BANG_:gA
opencode_unified$opencode$respond_to_permission_BANG_:iw
opencode_unified$opencode$response_error:nw
opencode_unified$opencode$save_buffer_with_opencode:zw
opencode_unified$opencode$sdk_response__GT_result:mw
opencode_unified$opencode$send_agent_message:Zz
opencode_unified$opencode$send_agent_message$cljs$0core$0IFn$0_invoke$0arity$0variadic:$z
opencode_unified$opencode$send_session_message:Lt
opencode_unified$opencode$session_id_from:ow
opencode_unified$opencode$setup_opencode_auto_save:Bw
opencode_unified$opencode$spawn_agent:ww
opencode_unified$opencode$spawn_agent$cljs$0core$0IFn$0_invoke$0arity$0variadic:xw
opencode_unified$opencode$tool_executions:kw
opencode_unified$opencode$update_session:fA
opencode_unified$opencode$use_session_BANG_:Jt
opencode_unified$openplanner$classify_event_type:du
opencode_unified$openplanner$client_cache:hA
opencode_unified$openplanner$ensure_client:iA
opencode_unified$openplanner$load_sessions_activity:gu
opencode_unified$openplanner$parse_ts:bu
opencode_unified$openplanner$relative_time:cu
opencode_unified$openplanner$request_json$cljs$0core$0IFn$0_invoke$0arity$03:fu
opencode_unified$openplanner$runtime_config:eu
opencode_unified$openplanner$search_activity:hu
opencode_unified$openplanner$search_vector:iu
opencode_unified$openplanner$search_vector$cljs$0core$0IFn$0_invoke$0arity$0variadic:ju
opencode_unified$persistence$load_state:Zx
opencode_unified$persistence$local_storage:Xx
opencode_unified$persistence$save_state_BANG_:Yx
opencode_unified$plugins$activate_plugin:Qz
opencode_unified$plugins$discover_plugins:Rz
opencode_unified$plugins$execute_hook$cljs$0core$0IFn$0_invoke$0arity$0variadic:Oz
opencode_unified$plugins$hook_types:Lz
opencode_unified$plugins$initialize_plugin_system:Sz
opencode_unified$plugins$load_plugin:Pz
opencode_unified$plugins$plugin_state:Kz
opencode_unified$plugins$register_plugin_hooks:Nz
opencode_unified$plugins$validate_plugin:Mz
opencode_unified$react_reagent_seam$create_adapter:Hy
opencode_unified$react_reagent_seam$donor_panel:Iy
opencode_unified$react_reagent_seam$react_host_route:Jy
opencode_unified$react_reagent_seam$spike_route_QMARK_:Fy
opencode_unified$session_titles$backend_config:Wt
opencode_unified$session_titles$client_ref:cA
opencode_unified$session_titles$configured_api_key:Xt
opencode_unified$session_titles$ensure_client:Zt
opencode_unified$session_titles$list_opencode_sessions:au
opencode_unified$state$add_buffer_BANG_:wu
opencode_unified$state$app_state:Yd
opencode_unified$state$apply_chatgpt_job_status_BANG_:ru
opencode_unified$state$chatgpt_job_poller:lu
opencode_unified$state$create_buffer$cljs$0core$0IFn$0_invoke$0arity$0variadic:vu
opencode_unified$state$default_activity_items:ku
opencode_unified$state$focus_search_input_BANG_:Du
opencode_unified$state$get_activity_items:Ru
opencode_unified$state$get_chatgpt_import_state:qu
opencode_unified$state$get_current_buffer:xu
opencode_unified$state$get_evil_mode:Au
opencode_unified$state$get_inspector_state:Pu
opencode_unified$state$get_search_state:Qu
opencode_unified$state$hide_which_key_BANG_:Cu
opencode_unified$state$inspector_context_failure_QMARK_:uu
opencode_unified$state$inspector_entity_key:Ku
opencode_unified$state$inspector_entity_pinned_QMARK_:Ou
opencode_unified$state$load_openplanner_activity_BANG_$cljs$0core$0IFn$0_invoke$0arity$01:nu
opencode_unified$state$pin_selected_inspector_entity_BANG_:Lu
opencode_unified$state$poll_chatgpt_job_BANG_:su
opencode_unified$state$retry_inspector_context_BANG_:Ju
opencode_unified$state$set_active_inspector_pinned_BANG_:Nu
opencode_unified$state$set_chatgpt_import_file_path_BANG_:pu
opencode_unified$state$set_evil_mode_BANG_:zu
opencode_unified$state$set_evil_register_BANG_:Su
opencode_unified$state$set_inspector_selection_BANG_:Iu
opencode_unified$state$set_search_filter_BANG_:Fu
opencode_unified$state$set_search_page_BANG_:Hu
opencode_unified$state$set_search_tab_BANG_:Eu
opencode_unified$state$set_search_view_BANG_:Gu
opencode_unified$state$show_which_key_BANG_:Bu
opencode_unified$state$start_chatgpt_import_BANG_$cljs$0core$0IFn$0_invoke$0arity$01:tu
opencode_unified$state$stop_chatgpt_job_poll_BANG_:mu
opencode_unified$state$unpin_inspector_entity_BANG_:Mu
opencode_unified$state$update_current_buffer_BANG_:yu
opencode_unified$state$update_statusbar_BANG_:ou
opencode_unified$theme$global_styles:Ky
opencode_unified$ui$app:Rt
opencode_unified$ui$chat_draft:Wr
opencode_unified$ui$chat_input_panel:Sy
opencode_unified$ui$chat_scroll_node:Py
opencode_unified$ui$chat_session_draft:Ny
opencode_unified$ui$chat_stream_panel:Ry
opencode_unified$ui$clear:Zy
opencode_unified$ui$current_route:Gy
opencode_unified$ui$donor_fallback_route:Wy
opencode_unified$ui$init:Xy
opencode_unified$ui$prompt_response_drafts:Oy
opencode_unified$ui$prompts_panel:Ty
opencode_unified$ui$reload:Yy
opencode_unified$ui$route_listener_installed_QMARK_:Ly
opencode_unified$ui$seam_enabled_QMARK_:Vy
opencode_unified$ui$send_chat_draft_BANG_:Qy
opencode_unified$ui$sync_route_BANG_:Uy
opencode_unified$ui$ui_root:My
opencode_unified$workspace$request_json$cljs$0core$0IFn$0_invoke$0arity$03:Uu
opencode_unified$workspace$runtime_config:Tu
opencode_unified$workspace$write_file:Vu
opts$jscomp$inline_1047:By
parse_fn$jscomp$inline_1050:Wz
prefer_table__5600__auto__$jscomp$inline_1665:zi
reagent$core$atom$cljs$0core$0IFn$0_invoke$0arity$01:Mt
reagent$core$track:Nt
reagent$dom$client$reagent_root:Pt
reagent$dom$client$render$cljs$0core$0IFn$0_invoke$0arity$02:Qt
reagent$dom$client$render$cljs$0core$0IFn$0_invoke$0arity$03:St
reagent$impl$batching$RenderQueue:ps
reagent$impl$batching$compare_mount_order:ls
reagent$impl$batching$enqueue:os
reagent$impl$batching$fake_raf:js
reagent$impl$batching$mount_count:is
reagent$impl$batching$next_tick:ks
reagent$impl$batching$queue_render:rs
reagent$impl$batching$ratom_flush:ms
reagent$impl$batching$render_queue:qs
reagent$impl$batching$run_funs:ns
reagent$impl$component$_STAR_current_component_STAR_:Ss
reagent$impl$component$built_in_static_method_names:mh
reagent$impl$component$cache_react_class:dt
reagent$impl$component$camelify_map_keys:Zs
reagent$impl$component$cljsify:bt
reagent$impl$component$create_class:ct
reagent$impl$component$custom_wrapper:Ws
reagent$impl$component$dash_to_method_name:Ys
reagent$impl$component$functional_render:ft
reagent$impl$component$functional_render_fn:ht
reagent$impl$component$functional_render_memo_fn:gt
reagent$impl$component$functional_wrap_render:et
reagent$impl$component$map_to_js:at
reagent$impl$component$obligatory:Xs
reagent$impl$component$props_argv:Ts
reagent$impl$component$rat_opts:Rs
reagent$impl$component$reagent_class_QMARK_:Us
reagent$impl$component$wrap_funs:$s
reagent$impl$component$wrap_render:Vs
reagent$impl$input$_STAR_force_set_dom_value_STAR_:jt
reagent$impl$input$input_component_set_value:lt
reagent$impl$input$input_handle_change:mt
reagent$impl$input$input_node_set_value:kt
reagent$impl$input$input_render_setup:nt
reagent$impl$input$input_spec:ot
reagent$impl$input$these_inputs_have_selection_api:it
reagent$impl$protocols$as_element:vs
reagent$impl$protocols$get_id:ts
reagent$impl$protocols$make_element:ws
reagent$impl$protocols$parse_tag:us
reagent$impl$template$HiccupTag:yt
reagent$impl$template$_STAR_current_default_compiler_STAR_:Ht
reagent$impl$template$cache_get:rt
reagent$impl$template$convert_custom_prop_value:wt
reagent$impl$template$convert_prop_value:tt
reagent$impl$template$custom_kv_conv:vt
reagent$impl$template$custom_prop_name_cache:ut
reagent$impl$template$expand_seq:Et
reagent$impl$template$function_element:At
reagent$impl$template$kv_conv:st
reagent$impl$template$make_element:xt
reagent$impl$template$maybe_function_element:Bt
reagent$impl$template$native_element:Dt
reagent$impl$template$prop_name_cache:qt
reagent$impl$template$re_tag:pt
reagent$impl$template$reag_element:zt
reagent$impl$template$t_reagent$0impl$0template255538:Gt
reagent$impl$template$tag_name_cache:Ct
reagent$impl$template$vec_to_elem:Ft
reagent$impl$util$_STAR_always_update_STAR_:fs
reagent$impl$util$capitalize:as
reagent$impl$util$class_names:es
reagent$impl$util$dash_to_prop_name:bs
reagent$impl$util$dont_camel_case:$r
reagent$impl$util$fun_name:cs
reagent$impl$util$get_react_key:gs
reagent$impl$util$is_client:Zr
reagent$impl$util$named_QMARK_:ds
reagent$impl$util$react_key_from_vec:hs
reagent$ratom$RAtom:Gs
reagent$ratom$Reaction:Ns
reagent$ratom$Track:Ks
reagent$ratom$_STAR_ratom_context_STAR_:ys
reagent$ratom$add_w:Bs
reagent$ratom$atom:Hs
reagent$ratom$cached_reaction:Is
reagent$ratom$deref_capture:zs
reagent$ratom$dispose_BANG_:Ls
reagent$ratom$flush_BANG_:Os
reagent$ratom$handle_reaction_change:Ms
reagent$ratom$make_reaction:Js
reagent$ratom$notify_deref_watcher_BANG_:As
reagent$ratom$notify_w:Ds
reagent$ratom$pr_atom:Es
reagent$ratom$rea_queue:Fs
reagent$ratom$remove_w:Cs
reagent$ratom$run_in_reaction:Qs
reagent$ratom$temp_reaction:Ps
shadow$js$files:Kr
shadow$js$jsRequire:Nr
shadow$js$nativeProvides:Lr
shadow$js$requireStack:Mr
