JSCompiler_StaticMethods_assoc_BANG_:Tf
JSCompiler_StaticMethods_cljs$core$IMultiFn$_add_method$arity$3:ri
JSCompiler_StaticMethods_cljs$core$IMultiFn$_get_method$arity$2:pi
JSCompiler_StaticMethods_cljs$core$ITransientVector$_assoc_n_BANG_$arity$3:Ze
JSCompiler_StaticMethods_sval:Dd
JSCompiler_inline_result$jscomp$283:zy
JSCompiler_prototypeAlias:g
L 0:a
L 1:b
L 10:q
L 11:u
L 12:w
L 13:x
L 14:C
L 15:E
L 16:K
L 17:Q
L 18:X
L 19:da
L 2:c
L 20:oa
L 21:Qa
L 22:oe
L 23:fi
L 24:Up
L 25:Vp
L 26:Wp
L 27:Xp
L 28:Dq
L 29:Eq
L 3:d
L 30:Yp
L 31:Zp
L 32:Pj
L 33:xj
L 34:Bk
L 35:Dk
L 36:Ek
L 37:Fk
L 38:vl
L 39:Gk
L 4:e
L 40:Hk
L 41:nw
L 42:ow
L 43:pw
L 44:sw
L 45:qw
L 46:rw
L 5:f
L 6:h
L 7:k
L 8:l
L 9:p
and__5000__auto__$jscomp$inline_1294:Ay
cached_hierarchy__5602__auto__$jscomp$inline_1600:uh
cljs$core$ArrayChunk:Fd
cljs$core$ArrayNode:Cf
cljs$core$ArrayNodeIterator:Gf
cljs$core$ArrayNodeSeq:Nf
cljs$core$Atom:ge
cljs$core$BitmapIndexedNode:yf
cljs$core$BitmapIndexedNode$EMPTY:Bf
cljs$core$Box:sf
cljs$core$ChunkBuffer:Ed
cljs$core$ChunkedCons:Hd
cljs$core$ChunkedSeq:Te
cljs$core$Cons:yd
cljs$core$ES6EntriesIterator:cf
cljs$core$ES6Iterator:oc
cljs$core$ES6IteratorSeq:qc
cljs$core$ES6SetEntriesIterator:df
cljs$core$EmptyList:xd
cljs$core$ExceptionInfo:Ng
cljs$core$Fn:Ga
cljs$core$HashCollisionNode:Kf
cljs$core$HashMapIter:Pf
cljs$core$HashSetIter:ag
cljs$core$IAssociative:Za
cljs$core$ICollection:Ma
cljs$core$IComparable:Eh
cljs$core$ICounted:Ia
cljs$core$IEmptyableCollection:Ka
cljs$core$IEncodeClojure:Hg
cljs$core$IEncodeJS:Cg
cljs$core$IFn:Ha
cljs$core$IIndexed:Oa
cljs$core$IIndexed$_nth$dyn_7806:Ra
cljs$core$IIterable:Qb
cljs$core$IKVReduce:sb
cljs$core$IList:zb
cljs$core$ILookup:Wa
cljs$core$ILookup$_lookup$dyn_7814:Ya
cljs$core$IMap:cb
cljs$core$IMeta:mb
cljs$core$INIT:ae
cljs$core$INext:Va
cljs$core$IPrintWithWriter:Cb
cljs$core$IRecord:Ab
cljs$core$IReduce:pb
cljs$core$IReduce$_reduce$dyn_7841:rb
cljs$core$IReversible:Xg
cljs$core$ISeq:Sa
cljs$core$ISeqable:wb
cljs$core$ISequential:yb
cljs$core$ISet:gb
cljs$core$ISwap$_swap_BANG_$dyn_7950:Pb
cljs$core$ITER_SYMBOL:Ba
cljs$core$IVector:kb
cljs$core$IndexedSeq:F
cljs$core$IndexedSeqIterator:Jc
cljs$core$KeySeq:Vf
cljs$core$Keyword:B
cljs$core$LazySeq:Cd
cljs$core$List:Pc
cljs$core$List$EMPTY:nc
cljs$core$MapEntry:He
cljs$core$MetaFn:Vc
cljs$core$MultiFn:ai
cljs$core$NeverEquiv:$e
cljs$core$NodeIterator:xf
cljs$core$NodeSeq:Lf
cljs$core$PROTOCOL_SENTINEL:n
cljs$core$PersistentArrayMap:r
cljs$core$PersistentArrayMap$EMPTY:Yd
cljs$core$PersistentArrayMap$HASHMAP_THRESHOLD:lf
cljs$core$PersistentArrayMap$createAsIfByAssoc:Sc
cljs$core$PersistentArrayMap$createAsIfByAssocComplexPath:qf
cljs$core$PersistentArrayMapIterator:gf
cljs$core$PersistentArrayMapSeq:ff
cljs$core$PersistentHashMap:Qf
cljs$core$PersistentHashMap$EMPTY:mf
cljs$core$PersistentHashMap$fromArrays:Sf
cljs$core$PersistentHashSet:bg
cljs$core$PersistentHashSet$EMPTY:dg
cljs$core$PersistentQueue:th
cljs$core$PersistentQueue$EMPTY:vh
cljs$core$PersistentQueueIter:qh
cljs$core$PersistentQueueSeq:rh
cljs$core$PersistentVector:S
cljs$core$PersistentVector$EMPTY:Oc
cljs$core$PersistentVector$EMPTY_NODE:T
cljs$core$PersistentVector$fromArray:Ne
cljs$core$RSeq:ji
cljs$core$RangedIterator:De
cljs$core$Reduced:wc
cljs$core$Repeat:nh
cljs$core$START:be
cljs$core$SeqIter:ce
cljs$core$StringBufferWriter:Tb
cljs$core$Subvec:Ve
cljs$core$Symbol:dc
cljs$core$TransientArrayMap:kf
cljs$core$TransientHashMap:Rf
cljs$core$TransientHashSet:cg
cljs$core$TransientVector:Ie
cljs$core$UUID:Lg
cljs$core$ValSeq:Wf
cljs$core$VectorNode:se
cljs$core$_:Ai
cljs$core$_EQ_:D
cljs$core$_STAR_print_fn_STAR_:na
cljs$core$_STAR_print_level_STAR_:qa
cljs$core$_STAR_print_newline_STAR_:pa
cljs$core$__destructure_map:Xd
cljs$core$_add_watch:Eb
cljs$core$_as_transient:Gb
cljs$core$_assoc:ab
cljs$core$_assoc_BANG_:Jb
cljs$core$_assoc_n:lb
cljs$core$_chunked_first:Lb
cljs$core$_chunked_rest:Mb
cljs$core$_clj__GT_js:Dg
cljs$core$_compare:Ih
cljs$core$_conj:Na
cljs$core$_conj_BANG_:Hb
cljs$core$_contains_key_QMARK_:$a
cljs$core$_count:Ja
cljs$core$_deref:A
cljs$core$_disjoin:hb
cljs$core$_dissoc:db
cljs$core$_drop:Sb
cljs$core$_drop_first:Kb
cljs$core$_empty:La
cljs$core$_equiv:ub
cljs$core$_find:bb
cljs$core$_first:Ta
cljs$core$_global_hierarchy:Gh
cljs$core$_hash:vb
cljs$core$_indexOf$cljs$0core$0IFn$0_invoke$0arity$03:J
cljs$core$_iterator:Rb
cljs$core$_js__GT_clj:Ig
cljs$core$_key:eb
cljs$core$_kv_reduce:tb
cljs$core$_lastIndexOf$cljs$0core$0IFn$0_invoke$0arity$03:Ic
cljs$core$_lookup:Xa
cljs$core$_meta:nb
cljs$core$_name:Yg
cljs$core$_namespace:Zg
cljs$core$_next:Wg
cljs$core$_nth:Pa
cljs$core$_peek:ib
cljs$core$_persistent_BANG_:Ib
cljs$core$_pop:jb
cljs$core$_pr_writer:Db
cljs$core$_reduce:qb
cljs$core$_remove_watch:Fb
cljs$core$_reset_BANG_:Nb
cljs$core$_rest:Ua
cljs$core$_rseq:Qh
cljs$core$_seq:xb
cljs$core$_swap_BANG_:Ob
cljs$core$_val:fb
cljs$core$_with_meta:ob
cljs$core$_write:Bb
cljs$core$aclone:Ca
cljs$core$add_watch:yg
cljs$core$apply:jc
cljs$core$apply$cljs$0core$0IFn$0_invoke$0arity$02:Td
cljs$core$apply$cljs$0core$0IFn$0_invoke$0arity$03:Ud
cljs$core$apply$cljs$0core$0IFn$0_invoke$0arity$04:Ei
cljs$core$apply$cljs$0core$0IFn$0_invoke$0arity$05:Vd
cljs$core$apply$cljs$0core$0IFn$0_invoke$0arity$0variadic:Wd
cljs$core$apply_to:Nd
cljs$core$apply_to_simple$cljs$0core$0IFn$0_invoke$0arity$03:Pd
cljs$core$apply_to_simple$cljs$0core$0IFn$0_invoke$0arity$04:Qd
cljs$core$apply_to_simple$cljs$0core$0IFn$0_invoke$0arity$05:Rd
cljs$core$apply_to_simple$cljs$0core$0IFn$0_invoke$0arity$06:Sd
cljs$core$array_QMARK_:ya
cljs$core$array__GT_transient_hash_map:rf
cljs$core$array_copy:gd
cljs$core$array_for:Ae
cljs$core$array_index_of:ef
cljs$core$array_map:Uf
cljs$core$array_reduce$cljs$0core$0IFn$0_invoke$0arity$02:Bc
cljs$core$array_reduce$cljs$0core$0IFn$0_invoke$0arity$03:Cc
cljs$core$array_reduce$cljs$0core$0IFn$0_invoke$0arity$04:Dc
cljs$core$assoc:P
cljs$core$assoc_BANG_$cljs$0core$0IFn$0_invoke$0arity$03:fh
cljs$core$assoc_in:pe
cljs$core$atom$cljs$0core$0IFn$0_invoke$0arity$01:mh
cljs$core$bit_count:wd
cljs$core$boolean$0:jd
cljs$core$bounded_count:Kd
cljs$core$build_subvec:We
cljs$core$char$0:$g
cljs$core$char_escapes:lg
cljs$core$chunk:Hi
cljs$core$chunk_append:Jd
cljs$core$chunk_buffer:Gd
cljs$core$chunk_cons:Id
cljs$core$chunked_seq:Me
cljs$core$chunked_seq$cljs$0core$0IFn$0_invoke$0arity$04:Le
cljs$core$chunked_seq$cljs$0core$0IFn$0_invoke$0arity$05:Ue
cljs$core$chunked_seq_QMARK_:fd
cljs$core$ci_reduce$cljs$0core$0IFn$0_invoke$0arity$02:zc
cljs$core$ci_reduce$cljs$0core$0IFn$0_invoke$0arity$03:Ac
cljs$core$clj__GT_js:Fg
cljs$core$clone_and_set$cljs$0core$0IFn$0_invoke$0arity$03:tf
cljs$core$coll_QMARK_:$c
cljs$core$comp:Ci
cljs$core$compare:bi
cljs$core$compare_indexed$cljs$0core$0IFn$0_invoke$0arity$02:di
cljs$core$compare_keywords:ui
cljs$core$compare_symbols:Th
cljs$core$complement:Fi
cljs$core$concat:Md
cljs$core$conj:Nc
cljs$core$cons:Lc
cljs$core$contains_QMARK_:md
cljs$core$count:M
cljs$core$counted_QMARK_:Ec
cljs$core$create_array_node_seq:If
cljs$core$create_array_node_seq$cljs$0core$0IFn$0_invoke$0arity$01:Hf
cljs$core$create_array_node_seq$cljs$0core$0IFn$0_invoke$0arity$03:Of
cljs$core$create_inode_seq:Af
cljs$core$create_inode_seq$cljs$0core$0IFn$0_invoke$0arity$01:zf
cljs$core$create_inode_seq$cljs$0core$0IFn$0_invoke$0arity$03:Mf
cljs$core$create_node:Ef
cljs$core$create_node$cljs$0core$0IFn$0_invoke$0arity$06:Ff
cljs$core$create_node$cljs$0core$0IFn$0_invoke$0arity$07:Df
cljs$core$deref:yc
cljs$core$disj:Yc
cljs$core$dissoc:Tc
cljs$core$do_assoc:Be
cljs$core$doall$cljs$0core$0IFn$0_invoke$0arity$01:fg
cljs$core$dominates:Yh
cljs$core$drop$cljs$0core$0IFn$0_invoke$0arity$02:ke
cljs$core$drop_last$cljs$0core$0IFn$0_invoke$0arity$02:le
cljs$core$edit_and_set$cljs$0core$0IFn$0_invoke$0arity$04:vf
cljs$core$empty:Qc
cljs$core$empty_QMARK_:Zc
cljs$core$empty_ordered_hash:sc
cljs$core$empty_unordered_hash:uc
cljs$core$enable_console_print_BANG_:xa
cljs$core$equiv_map:bf
cljs$core$equiv_sequential:Kc
cljs$core$es6_iterator:pc
cljs$core$es6_iterator_seq:lc
cljs$core$even_QMARK_:hh
cljs$core$every_QMARK_:de
cljs$core$ex_info$cljs$0core$0IFn$0_invoke$0arity$02:Og
cljs$core$filter$cljs$0core$0IFn$0_invoke$0arity$02:wi
cljs$core$find_and_cache_best_method:Zh
cljs$core$first:H
cljs$core$fn_QMARK_:Uc
cljs$core$fn__GT_comparator:ei
cljs$core$fnil$cljs$0core$0IFn$0_invoke$0arity$02:Qg
cljs$core$frequencies:Ch
cljs$core$gensym$cljs$0core$0IFn$0_invoke$0arity$01:Bg
cljs$core$gensym_counter:Ag
cljs$core$get:fc
cljs$core$get$cljs$0core$0IFn$0_invoke$0arity$02:ec
cljs$core$get$cljs$0core$0IFn$0_invoke$0arity$03:gc
cljs$core$get_global_hierarchy:Kh
cljs$core$get_in$cljs$0core$0IFn$0_invoke$0arity$02:ne
cljs$core$hash:bc
cljs$core$hash_collision_node_find_index:Jf
cljs$core$hash_combine:ic
cljs$core$hash_map:Ug
cljs$core$hash_ordered_coll:rc
cljs$core$hash_string:ac
cljs$core$hash_unordered_coll:tc
cljs$core$identity:td
cljs$core$ifn_QMARK_:kd
cljs$core$imul:Vb
cljs$core$inc:vc
cljs$core$indexed_QMARK_:Fc
cljs$core$inode_kv_reduce:wf
cljs$core$integer_QMARK_:ld
cljs$core$interleave:ph
cljs$core$into:me
cljs$core$into_array$cljs$0core$0IFn$0_invoke$0arity$02:Da
cljs$core$isa_QMARK_$cljs$0core$0IFn$0_invoke$0arity$03:Sh
cljs$core$iter_reduce$cljs$0core$0IFn$0_invoke$0arity$02:pd
cljs$core$iter_reduce$cljs$0core$0IFn$0_invoke$0arity$03:qd
cljs$core$iterable_QMARK_:kc
cljs$core$js__GT_clj$cljs$0core$0IFn$0_invoke$0arity$0variadic:Jg
cljs$core$juxt$cljs$0core$0IFn$0_invoke$0arity$02:Dh
cljs$core$keep$cljs$0core$0IFn$0_invoke$0arity$02:fe
cljs$core$key:Qe
cljs$core$key__GT_js$cljs$0core$0IFn$0_invoke$0arity$02:Eg
cljs$core$key_test:nf
cljs$core$keys:hf
cljs$core$keyword:Ad
cljs$core$last:Mc
cljs$core$lift_ns:vg
cljs$core$linear_traversal_nth$cljs$0core$0IFn$0_invoke$0arity$03:Rc
cljs$core$list:ch
cljs$core$list_QMARK_:ah
cljs$core$lookup_sentinel:hd
cljs$core$m3_fmix:Yb
cljs$core$m3_hash_unencoded_chars:cc
cljs$core$m3_mix_H1:Xb
cljs$core$m3_mix_K1:Wb
cljs$core$map:ie
cljs$core$map_QMARK_:cd
cljs$core$map_entry_QMARK_:Pe
cljs$core$map_indexed$cljs$0core$0IFn$0_invoke$0arity$02:vi
cljs$core$mapv$cljs$0core$0IFn$0_invoke$0arity$02:Ii
cljs$core$merge:Xf
cljs$core$meta:Xc
cljs$core$missing_protocol:y
cljs$core$mod:Rg
cljs$core$name:Bd
cljs$core$namespace:zd
cljs$core$native_satisfies_QMARK_:v
cljs$core$never_equiv:af
cljs$core$new_path:we
cljs$core$next:I
cljs$core$next_STAR_:Od
cljs$core$not:za
cljs$core$not_EQ_$cljs$0core$0IFn$0_invoke$0arity$02:Zd
cljs$core$nth:Hc
cljs$core$nth$cljs$0core$0IFn$0_invoke$0arity$02:Gc
cljs$core$nth$cljs$0core$0IFn$0_invoke$0arity$03:O
cljs$core$pam_grow_seed_array:pf
cljs$core$pam_new_size:of
cljs$core$parents$cljs$0core$0IFn$0_invoke$0arity$01:Uh
cljs$core$partial:lh
cljs$core$pop_tail:Ce
cljs$core$pr_opts:ra
cljs$core$pr_sequential_writer:hg
cljs$core$pr_str_STAR_:Ub
cljs$core$pr_str_with_opts:tg
cljs$core$pr_writer:pg
cljs$core$pr_writer_impl:og
cljs$core$prefers_STAR_:Xh
cljs$core$prim_seq$cljs$0core$0IFn$0_invoke$0arity$02:N
cljs$core$print_map:qg
cljs$core$print_meta_QMARK_:ng
cljs$core$print_prefix_map:wg
cljs$core$println$cljs$0core$0IFn$0_invoke$0arity$0variadic:U
cljs$core$push_tail:xe
cljs$core$pv_clone_node:ue
cljs$core$pv_fresh_node:te
cljs$core$pv_reduce$cljs$0core$0IFn$0_invoke$0arity$04:Fe
cljs$core$pv_reduce$cljs$0core$0IFn$0_invoke$0arity$05:Ge
cljs$core$quot:vd
cljs$core$quote_string:mg
cljs$core$random_uuid:Mg
cljs$core$ranged_iterator:Ee
cljs$core$re_find:Fh
cljs$core$re_matches:gg
cljs$core$record_QMARK_:dd
cljs$core$reduce:Fa
cljs$core$reduce$cljs$0core$0IFn$0_invoke$0arity$02:rd
cljs$core$reduce$cljs$0core$0IFn$0_invoke$0arity$03:Ea
cljs$core$reduce_kv:sd
cljs$core$reduced_QMARK_:xc
cljs$core$remove$cljs$0core$0IFn$0_invoke$0arity$02:Gi
cljs$core$remove_pair:uf
cljs$core$reset_BANG_:he
cljs$core$reset_cache:Wh
cljs$core$rest:mc
cljs$core$reverse:Bi
cljs$core$select_keys:Yf
cljs$core$seq:G
cljs$core$seq_QMARK_:id
cljs$core$seq_reduce:qi
cljs$core$seq_reduce$cljs$0core$0IFn$0_invoke$0arity$02:nd
cljs$core$seq_reduce$cljs$0core$0IFn$0_invoke$0arity$03:od
cljs$core$sequential_QMARK_:bd
cljs$core$set:eg
cljs$core$set_QMARK_:ad
cljs$core$some:ee
cljs$core$sort$cljs$0core$0IFn$0_invoke$0arity$01:ha
cljs$core$sort$cljs$0core$0IFn$0_invoke$0arity$02:gi
cljs$core$sort_by$cljs$0core$0IFn$0_invoke$0arity$02:hi
cljs$core$sort_by$cljs$0core$0IFn$0_invoke$0arity$03:ti
cljs$core$spread:Ld
cljs$core$str:z
cljs$core$string_hash_cache:Zb
cljs$core$string_hash_cache_count:$b
cljs$core$string_print:kg
cljs$core$strip_ns:ug
cljs$core$swap_BANG_:R
cljs$core$symbol:hc
cljs$core$t_cljs$0core6554:$d
cljs$core$tail_off:ve
cljs$core$take$cljs$0core$0IFn$0_invoke$0arity$02:je
cljs$core$take_nth$cljs$0core$0IFn$0_invoke$0arity$02:zh
cljs$core$throw_no_method_error:$h
cljs$core$to_array:eh
cljs$core$transduce$cljs$0core$0IFn$0_invoke$0arity$04:ud
cljs$core$truth_:t
cljs$core$tv_editable_root:Je
cljs$core$tv_editable_tail:Ke
cljs$core$tv_ensure_editable:Xe
cljs$core$tv_push_tail:Ye
cljs$core$type:Vg
cljs$core$type__GT_str:Aa
cljs$core$unchecked_array_for:ze
cljs$core$update:re
cljs$core$update_in:qe
cljs$core$val:Re
cljs$core$vals:jf
cljs$core$vec:Oe
cljs$core$vector:Se
cljs$core$vector_QMARK_:ed
cljs$core$vector_index_out_of_bounds:ye
cljs$core$with_meta:Wc
cljs$core$write_all$cljs$0core$0IFn$0_invoke$0arity$0variadic:jg
cljs$cst$0$flush_on_newline:sa
cljs$cst$1$readably:ta
cljs$cst$105$more_marker:ig
cljs$cst$106$alt_impl:rg
cljs$cst$107$fallback_impl:sg
cljs$cst$108$val:xg
cljs$cst$109$status:jh
cljs$cst$126$keyword_fn:Gg
cljs$cst$127$keywordize_keys:Kg
cljs$cst$128$parents:Lh
cljs$cst$129$descendants:Mh
cljs$cst$130$ancestors:Oh
cljs$cst$138$uuid:Ri
cljs$cst$139$type:Pq
cljs$cst$141$message:wh
cljs$cst$142$data:ak
cljs$cst$178$error:zi
cljs$cst$179$name:Y
cljs$cst$182$class:Rh
cljs$cst$183$style:V
cljs$cst$184$key:gm
cljs$cst$186$on_dispose:$k
cljs$cst$187$f:hk
cljs$cst$189$auto_run:xh
cljs$cst$190$path:mi
cljs$cst$193$on_set:Dj
cljs$cst$194$no_cache:gh
cljs$cst$2$meta:ua
cljs$cst$202$shouldComponentUpdate:Hh
cljs$cst$203$componentWillUnmount:Vj
cljs$cst$204$reagentRender:Vh
cljs$cst$205$render:ii
cljs$cst$206$displayName:cl
cljs$cst$207$cljsLegacyRender:Ui
cljs$cst$208$childContextTypes:Jh
cljs$cst$209$contextTypes:Rk
cljs$cst$210$contextType:sj
cljs$cst$211$getDerivedStateFromProps:yh
cljs$cst$212$getDerivedStateFromError:pl
cljs$cst$213$getInitialState:uk
cljs$cst$214$constructor:dh
cljs$cst$215$reagent_render:Kk
cljs$cst$216$on_write:Qj
cljs$cst$217$display_name:Nl
cljs$cst$218$component_did_update:Ck
cljs$cst$219$component_will_unmount:Nh
cljs$cst$222$id:pj
cljs$cst$223$className:Xj
cljs$cst$229$function_components:Zi
cljs$cst$230$parse_tag:Ah
cljs$cst$234$electron:Ph
cljs$cst$235$web:Jk
cljs$cst$236$node:tj
cljs$cst$237$unknown:cm
cljs$cst$238$info:Yl
cljs$cst$239$openplanner_url:Xr
cljs$cst$240$openplannerUrl:Di
cljs$cst$241$openplanner_api_key:ek
cljs$cst$242$openplannerApiKey:Kq
cljs$cst$243$endpoint:Fw
cljs$cst$244$api_key:ov
cljs$cst$245$method:Si
cljs$cst$246$headers:Jv
cljs$cst$247$body:Qr
cljs$cst$248$rows:tr
cljs$cst$249$last_ts:Pl
cljs$cst$250$session:Ot
cljs$cst$251$project:ou
cljs$cst$252$event_count:Ur
cljs$cst$253$time:wv
cljs$cst$254$source:qm
cljs$cst$255$title:Yk
cljs$cst$256$kind:Yj
cljs$cst$257$timestamp:vv
cljs$cst$258$openplanner:Kr
cljs$cst$259$q:or
cljs$cst$260$limit:dx
cljs$cst$261$ts:Wt
cljs$cst$262$snippet:Al
cljs$cst$263$filePath:cj
cljs$cst$264$buffers:qj
cljs$cst$265$current_buffer:Yw
cljs$cst$266$evil_state:Sk
cljs$cst$267$mode:Tr
cljs$cst$268$normal:Gq
cljs$cst$269$register:Gw
cljs$cst$270$last_search:Qt
cljs$cst$271$search_direction:Ik
cljs$cst$272$forward:Qk
cljs$cst$273$count:oj
cljs$cst$274$statusbar:Ej
cljs$cst$275$left:Mi
cljs$cst$276$center:nm
cljs$cst$277$right:yj
cljs$cst$278$ui:yr
cljs$cst$279$theme:Gj
cljs$cst$280$dark:lw
cljs$cst$281$backend:rm
cljs$cst$282$connected_QMARK_:Cu
cljs$cst$283$last_error:gs
cljs$cst$284$search_surface:Jr
cljs$cst$285$visible_QMARK_:ij
cljs$cst$286$query:Jl
cljs$cst$287$active_tab:em
cljs$cst$288$sessions:js
cljs$cst$289$filter:Wr
cljs$cst$290$all:jk
cljs$cst$291$view:Rv
cljs$cst$292$list:dm
cljs$cst$293$page:bs
cljs$cst$294$page_size:ci
cljs$cst$295$imports:jj
cljs$cst$296$chatgpt:lk
cljs$cst$297$file_path:Yv
cljs$cst$298$job:Vr
cljs$cst$299$idle:mj
cljs$cst$3$dup:va
cljs$cst$300$inspector:eu
cljs$cst$301$selection:Ll
cljs$cst$302$context:ju
cljs$cst$303$context_source:Tq
cljs$cst$304$pane_error:vu
cljs$cst$305$pinned:gx
cljs$cst$306$active_pinned_key:Uj
cljs$cst$307$activity_items:Pt
cljs$cst$308$done:bw
cljs$cst$309$creating:fm
cljs$cst$310$language:Wj
cljs$cst$311$modified_QMARK_:Wv
cljs$cst$312$original_content:ql
cljs$cst$313$content:ll
cljs$cst$314$scroll_pos:Vi
cljs$cst$315$redo_stack:Ww
cljs$cst$316$undo_stack:Lq
cljs$cst$317$cursor_pos:hx
cljs$cst$318$metadata:ks
cljs$cst$319$created_at:li
cljs$cst$320$last_modified:Sl
cljs$cst$321$which_key_QMARK_:St
cljs$cst$322$command_palette:ku
cljs$cst$323$item:ox
cljs$cst$324$success:fk
cljs$cst$325$saved_QMARK_:Kj
cljs$cst$327$version:Cl
cljs$cst$329$enabled:xw
cljs$cst$331$description:fj
cljs$cst$333$handler:fl
cljs$cst$334$workspace_url:Dr
cljs$cst$335$workspaceUrl:px
cljs$cst$336$workspace_api_key:rj
cljs$cst$337$workspaceApiKey:Uk
cljs$cst$338$selected_index:Zk
cljs$cst$339$feedback:om
cljs$cst$340$last_event:Uq
cljs$cst$341$events:Qu
cljs$cst$342$pending_confirmation:rx
cljs$cst$343$destructive_QMARK_:Ji
cljs$cst$344$confirm_message:Il
cljs$cst$345$keywords:tl
cljs$cst$346$command_id:il
cljs$cst$347$light:zk
cljs$cst$348$div_DOT_command_palette:Cq
cljs$cst$349$data_testid:nx
cljs$cst$350$box_shadow:pr
cljs$cst$351$max_height:Oj
cljs$cst$352$transform:mr
cljs$cst$353$top:Mk
cljs$cst$354$overflow:wl
cljs$cst$355$background_color:Gl
cljs$cst$356$width:Rj
cljs$cst$357$z_index:hu
cljs$cst$358$display:xu
cljs$cst$359$position:qx
cljs$cst$360$border:hs
cljs$cst$361$border_radius:ul
cljs$cst$362$flex_direction:Bv
cljs$cst$363$div:Em
cljs$cst$364$padding:dw
cljs$cst$365$border_bottom:nl
cljs$cst$366$font_size:Hv
cljs$cst$367$text_transform:ax
cljs$cst$368$letter_spacing:Mr
cljs$cst$369$color:W
cljs$cst$370$input_DOT_command_input:Yr
cljs$cst$371$value:Ao
cljs$cst$372$on_change:ol
cljs$cst$373$on_key_down:lx
cljs$cst$374$placeholder:hv
cljs$cst$375$background:jl
cljs$cst$376$outline:pk
cljs$cst$377$data_command_id:Bq
cljs$cst$378$data_status:Bl
cljs$cst$379$div_DOT_command_list:Er
cljs$cst$380$overflow_y:aj
cljs$cst$381$button_DOT_command_item:ej
cljs$cst$382$on_mouse_enter:sk
cljs$cst$383$on_click:Wl
cljs$cst$384$align_items:Vv
cljs$cst$385$text_align:Fq
cljs$cst$386$cursor:dr
cljs$cst$387$border_left:Hj
cljs$cst$388$justify_content:gl
cljs$cst$389$gap:Kv
cljs$cst$390$font_weight:mx
cljs$cst$391$border_top:Ni
cljs$cst$392$span:ix
cljs$cst$393$button:jx
cljs$cst$394$buffer_id:mk
cljs$cst$395$cached:Tt
cljs$cst$396$start:Gu
cljs$cst$397$end:Ul
cljs$cst$398$insert:Vk
cljs$cst$399$visual:Tl
cljs$cst$4$print_length:wa
cljs$cst$400$visual_line:uv
cljs$cst$401$textarea_DOT_editor_content:Hl
cljs$cst$402$read_only:Oi
cljs$cst$403$ref:po
cljs$cst$404$on_before_input:Hq
cljs$cst$405$line_height:gu
cljs$cst$406$white_space:Dl
cljs$cst$407$resize:Xw
cljs$cst$408$caret_color:bk
cljs$cst$409$font_family:Cv
cljs$cst$410$height:Z
cljs$cst$428$nil:Ki
cljs$cst$429$string:Wi
cljs$cst$430$strable:yk
cljs$cst$431$vector:Ju
cljs$cst$432$map:al
cljs$cst$433$set:Jq
cljs$cst$434$hierarchy:Zr
cljs$cst$435$default:ki
cljs$cst$436$reader_exception:Yi
cljs$cst$437$ex_kind:Ak
cljs$cst$438$file:so
cljs$cst$439$line:Ti
cljs$cst$440$col:Ok
cljs$cst$441$reader_error:Qv
cljs$cst$442$illegal_argument:Rt
cljs$cst$443$eof:El
cljs$cst$445$character:Mv
cljs$cst$446$column:rl
cljs$cst$449$symbol:mw
cljs$cst$450$_SLASH_:fr
cljs$cst$451$keyword:Co
cljs$cst$452$NaN:rp
cljs$cst$453$_Inf:Zl
cljs$cst$454$Inf:qk
cljs$cst$47$validator:sl
cljs$cst$477$namespaced_map:Xv
cljs$cst$480$readers:ml
cljs$cst$481$inst:$t
cljs$cst$482$queue:Oq
cljs$cst$483$js:$i
cljs$cst$484$min_width:Iu
cljs$cst$485$max_width:vw
cljs$cst$486$on_resize:wk
cljs$cst$487$direction:Ar
cljs$cst$488$children:xk
cljs$cst$489$component_did_mount:Nt
cljs$cst$490$div_DOT_resizable_pane:uw
cljs$cst$491$div_DOT_resize_handle:bl
cljs$cst$492$on_mouse_down:Mu
cljs$cst$493$bottom:kk
cljs$cst$494$transition:cr
cljs$cst$495$div_DOT_workflow_nav:Nu
cljs$cst$496$border_right:xv
cljs$cst$497$padding_top:Bj
cljs$cst$498$label:Lt
cljs$cst$499$icon:vk
cljs$cst$500$target_route:kl
cljs$cst$501$button_DOT_nav_item:ck
cljs$cst$502$h2:ik
cljs$cst$503$margin:Hu
cljs$cst$504$p:lr
cljs$cst$505$grid_template_columns:tk
cljs$cst$506$input:ww
cljs$cst$507$checked:ew
cljs$cst$508$div_DOT_header:dl
cljs$cst$509$div_DOT_header_left:fu
cljs$cst$510$h1_DOT_app_title:Iv
cljs$cst$511$nav_DOT_menu_bar:Nk
cljs$cst$512$button_DOT_menu_item:rk
cljs$cst$513$div_DOT_header_right:zu
cljs$cst$514$button_DOT_window_control:zj
cljs$cst$515$entries:To
cljs$cst$516$root:Fl
cljs$cst$517$div_DOT_file_item:Lv
cljs$cst$518$text_overflow:wr
cljs$cst$519$div_DOT_left_sidebar:lm
cljs$cst$520$div_DOT_sidebar_section:Rq
cljs$cst$521$margin_bottom:Hw
cljs$cst$522$h3_DOT_sidebar_title:rv
cljs$cst$523$word_break:pm
cljs$cst$524$div_DOT_file_tree:hr
cljs$cst$525$div_DOT_tab_bar:jr
cljs$cst$526$overflow_x:hj
cljs$cst$527$div_DOT_tab:nu
cljs$cst$528$span_DOT_tab_name:ur
cljs$cst$529$margin_right:as
cljs$cst$530$span_DOT_modified_indicator:cs
cljs$cst$531$button_DOT_tab_close:bx
cljs$cst$532$margin_left:Fr
cljs$cst$533$div_DOT_inspector_pane:Uv
cljs$cst$534$div_DOT_inspector_sticky_header:su
cljs$cst$535$margin_top:Fj
cljs$cst$536$flex_wrap:ds
cljs$cst$537$disabled:wu
cljs$cst$538$opacity:Pk
cljs$cst$539$padding_bottom:Cw
cljs$cst$540$div_DOT_inspector_content:Nr
cljs$cst$541$div_DOT_status_bar:Av
cljs$cst$542$div_DOT_status_left:Pu
cljs$cst$543$div_DOT_status_center:Ol
cljs$cst$544$div_DOT_status_right:Qq
cljs$cst$545$which_key:Mj
cljs$cst$546$div_DOT_which_key_popup:yw
cljs$cst$547$active:iu
cljs$cst$548$visibility:lj
cljs$cst$549$div_DOT_which_key_title:Vl
cljs$cst$550$prefix:Xi
cljs$cst$551$div_DOT_which_key_bindings:yl
cljs$cst$552$div_DOT_binding_row:ir
cljs$cst$553$span_DOT_key:wj
cljs$cst$554$span_DOT_desc:lu
cljs$cst$555$div_DOT_minimap:is
cljs$cst$556$div_DOT_minimap_line:Ou
cljs$cst$557$output:Ew
cljs$cst$558$processed:er
cljs$cst$559$flex:Qi
cljs$cst$560$div_DOT_activity_list:Rl
cljs$cst$561$div_DOT_activity_filters:Vq
cljs$cst$562$button_DOT_filter_btn:du
cljs$cst$563$div_DOT_view_toggle:Dw
cljs$cst$564$table:Pr
cljs$cst$565$div_DOT_no_results:Lo
cljs$cst$566$_LT__GT_:zw
cljs$cst$567$data_select_testid:fq
cljs$cst$568$align_self:aw
cljs$cst$569$padding_right:zl
cljs$cst$570$div_DOT_result_item:Jj
cljs$cst$571$div_DOT_result_icon:yu
cljs$cst$572$div_DOT_result_content:$w
cljs$cst$573$div_DOT_result_title:Tj
cljs$cst$574$div_DOT_result_time:nk
cljs$cst$575$doc:hl
cljs$cst$576$desc:fs
cljs$cst$577$memory:vj
cljs$cst$578$tool:$r
cljs$cst$579$div_DOT_search_content:xl
cljs$cst$580$div_DOT_search_header:es
cljs$cst$581$input_DOT_search_input:jm
cljs$cst$582$auto_focus:nj
cljs$cst$583$div_DOT_search_tabs:Yt
cljs$cst$584$div_DOT_search_tab:Pi
cljs$cst$585$docs:mu
cljs$cst$586$memories:dj
cljs$cst$587$tools:Nj
cljs$cst$588$div_DOT_search_results:Cr
cljs$cst$589$div_DOT_result_desc:el
cljs$cst$590$div_DOT_search_surface_modal:Xk
cljs$cst$591$div_DOT_shell:Au
cljs$cst$592$div_DOT_workspace:rr
cljs$cst$593$div_DOT_main_area:tv
cljs$cst$594$ready_state:uj
cljs$cst$595$mounted_QMARK_:sv
cljs$cst$596$host_count:Pv
cljs$cst$597$event_count:Lk
cljs$cst$598$increment_host_count_BANG_:cw
cljs$cst$599$emit_donor_event_BANG_:Sv
cljs$cst$600$aside:Tk
cljs$cst$601$h3:gk
cljs$cst$602$strong:Nv
cljs$cst$603$section:Vt
cljs$cst$604$article:qr
cljs$cst$605$div_DOT_no_buffer:Ml
cljs$cst$606$div_DOT_editor_area:bm
cljs$cst$607$div_DOT_editor_pane:dk
cljs$cst$608$minimap:hm
cljs$cst$616$leader:Nq
cljs$cst$617$bindings:Ku
cljs$cst$618$down:im
cljs$cst$619$up:xr
cljs$cst$620$word_forward:Br
cljs$cst$621$word_backward:Sp
cljs$cst$622$api_endpoint:am
cljs$cst$623$client:ro
cljs$cst$624$session_id:Kl
cljs$cst$625$available_tools:uu
cljs$cst$626$active_agents:qo
cljs$cst$627$baseUrl:Lr
cljs$cst$628$server_info:Or
cljs$cst$629$app_name:$v
cljs$cst$630$tool_name:Xt
cljs$cst$631$parameters:Bu
cljs$cst$632$started_at:tu
cljs$cst$633$options:Gr
cljs$cst$634$command:Lj
cljs$cst$635$arguments:bj
cljs$cst$636$completed_at:pv
cljs$cst$637$execution_id:Zj
cljs$cst$638$result:yv
cljs$cst$640$agent:Sr
cljs$cst$641$agent_id:sr
cljs$cst$642$agent_type:cu
cljs$cst$650$last_saved:zr
cljs$cst$651$buffer_type:Zt
cljs$cst$652$agent_chat:iv
cljs$cst$653$tool_execution:Eu
cljs$cst$654$action:gr
cljs$cst$655$opencode_auto_save:Du
cljs$cst$656$loaded_plugins:Zv
cljs$cst$657$active_plugins:bu
cljs$cst$658$available_plugins:Mt
cljs$cst$659$plugin_hooks:Li
cljs$cst$660$plugin_commands:au
cljs$cst$662$loading:gq
cljs$cst$663$loaded:Ij
cljs$cst$664$activating:Sq
cljs$cst$666$buffer_created:kj
cljs$cst$667$buffer_saved:Ir
cljs$cst$668$buffer_closed:nr
cljs$cst$669$editor_focused:vr
cljs$cst$670$editor_blurred:Iq
cljs$cst$671$key_pressed:$p
cljs$cst$672$command_executed:Ql
cljs$cst$673$theme_changed:Mq
cljs$cst$674$workspace_loaded:Lu
cljs$cst$675$workspace_saved:$l
cljs$cst$676$permissions:Rr
cljs$cst$677$config:mm
cljs$cst$678$hooks:tw
cljs$cst$679$author:Aj
cljs$cst$680$commands:Fu
cljs$cst$681$main:Hr
cljs$cst$682$dependencies:zv
cljs$cst$683$required:Sj
cljs$cst$684$boolean:Tv
cljs$cst$685$field:Wk
cljs$cst$686$plugin:Ov
cljs$cst$687$valid:kr
cljs$cst$688$instance:Rw
cljs$cst$689$state:Ut
cljs$cst$690$loaded_at:Xl
cljs$cst$691$namespace:gj
cljs$cst$692$plugin_id:ok
cljs$cst$693$activate:Cj
cljs$cst$694$plugin_activated:Zw
cljs$cst$78$tag:km
cljs$cst$98$cljs_DOT_core_SLASH_not_found:$f
cljs$reader$_STAR_default_data_reader_fn_STAR_:Ct
cljs$reader$_STAR_tag_table_STAR_:Dt
cljs$reader$check:At
cljs$reader$days_in_month:xt
cljs$reader$parse_and_validate_timestamp:Bt
cljs$reader$parse_int:zt
cljs$reader$timestamp_regex:yt
cljs$tools$reader$edn$dispatch_macros:$s
cljs$tools$reader$edn$escape_char:nt
cljs$tools$reader$edn$macro_terminating_QMARK_:Vs
cljs$tools$reader$edn$macros:Ws
cljs$tools$reader$edn$not_constituent_QMARK_:Xs
cljs$tools$reader$edn$read:it
cljs$tools$reader$edn$read$cljs$0core$0IFn$0_invoke$0arity$02:wt
cljs$tools$reader$edn$read$cljs$0core$0IFn$0_invoke$0arity$04:ht
cljs$tools$reader$edn$read_char_STAR_:et
cljs$tools$reader$edn$read_delimited:gt
cljs$tools$reader$edn$read_discard:tt
cljs$tools$reader$edn$read_dispatch:Zs
cljs$tools$reader$edn$read_keyword:qt
cljs$tools$reader$edn$read_list:jt
cljs$tools$reader$edn$read_map:lt
cljs$tools$reader$edn$read_meta:rt
cljs$tools$reader$edn$read_namespaced_map:ut
cljs$tools$reader$edn$read_number:mt
cljs$tools$reader$edn$read_set:st
cljs$tools$reader$edn$read_string_STAR_:ot
cljs$tools$reader$edn$read_symbol:pt
cljs$tools$reader$edn$read_symbolic_value:vt
cljs$tools$reader$edn$read_tagged:at
cljs$tools$reader$edn$read_token$cljs$0core$0IFn$0_invoke$0arity$04:Ys
cljs$tools$reader$edn$read_unicode_char$cljs$0core$0IFn$0_invoke$0arity$04:ct
cljs$tools$reader$edn$read_unicode_char$cljs$0core$0IFn$0_invoke$0arity$05:dt
cljs$tools$reader$edn$read_unmatched_delimiter:bt
cljs$tools$reader$edn$read_vector:kt
cljs$tools$reader$edn$starting_line_col_info:ft
cljs$tools$reader$impl$commons$float_pattern:Ps
cljs$tools$reader$impl$commons$int_pattern:Ns
cljs$tools$reader$impl$commons$match_number:Rs
cljs$tools$reader$impl$commons$matches_QMARK_:Qs
cljs$tools$reader$impl$commons$parse_symbol:Ss
cljs$tools$reader$impl$commons$ratio_pattern:Os
cljs$tools$reader$impl$commons$read_comment:Ts
cljs$tools$reader$impl$commons$read_past:Ms
cljs$tools$reader$impl$commons$throwing_reader:Us
cljs$tools$reader$impl$errors$duplicate_keys_error:Ks
cljs$tools$reader$impl$errors$eof_error$cljs$0core$0IFn$0_invoke$0arity$0variadic:Ds
cljs$tools$reader$impl$errors$illegal_arg_error$cljs$0core$0IFn$0_invoke$0arity$0variadic:Cs
cljs$tools$reader$impl$errors$reader_error$cljs$0core$0IFn$0_invoke$0arity$0variadic:Bs
cljs$tools$reader$impl$errors$throw_bad_char:Gs
cljs$tools$reader$impl$errors$throw_bad_octal_number:Js
cljs$tools$reader$impl$errors$throw_dup_keys:Ls
cljs$tools$reader$impl$errors$throw_eof_reading$cljs$0core$0IFn$0_invoke$0arity$0variadic:Hs
cljs$tools$reader$impl$errors$throw_ex$cljs$0core$0IFn$0_invoke$0arity$0variadic:As
cljs$tools$reader$impl$errors$throw_invalid:Fs
cljs$tools$reader$impl$errors$throw_invalid_unicode_digit:Is
cljs$tools$reader$impl$errors$throw_odd_map:Es
cljs$tools$reader$impl$inspect$dispatch_inspect:ni
cljs$tools$reader$impl$inspect$inspect_STAR_:si
cljs$tools$reader$impl$inspect$inspect_STAR__col:zs
cljs$tools$reader$impl$utils$char_code:ps
cljs$tools$reader$impl$utils$namespace_keys:os
cljs$tools$reader$impl$utils$numeric_QMARK_:ns
cljs$tools$reader$impl$utils$whitespace_QMARK_:ms
cljs$tools$reader$impl$utils$ws_rx:ls
cljs$tools$reader$reader_types$PushbackReader:xs
cljs$tools$reader$reader_types$StringReader:ws
cljs$tools$reader$reader_types$get_column_number:us
cljs$tools$reader$reader_types$get_file_name:vs
cljs$tools$reader$reader_types$get_line_number:ts
cljs$tools$reader$reader_types$indexing_reader_QMARK_:ys
cljs$tools$reader$reader_types$peek_char:rs
cljs$tools$reader$reader_types$read_char:qs
cljs$tools$reader$reader_types$unread:ss
clojure$set$difference:cn
clojure$string$blank_QMARK_:Rx
clojure$string$join$cljs$0core$0IFn$0_invoke$0arity$02:Am
clojure$string$replace:zm
clojure$string$replace_all:xm
clojure$string$replace_with:ym
clojure$string$split$cljs$0core$0IFn$0_invoke$0arity$02:Bm
clojure$string$split_lines:Cm
clojure$string$starts_with_QMARK_:Dm
fn_to_element$jscomp$inline_1025:fx
goog$UID_PROPERTY_:ca
goog$exportSymbol:fa
goog$getUid:ba
goog$global:aa
goog$string$StringBuffer:ma
goog$string$internal$contains:Sg
goog$string$internal$trim:Pg
goog$typeOf:m
goog$uidCounter_:ea
hierarchy__5603__auto__$jscomp$inline_1601:ih
id$jscomp$inline_1024:ex
method_cache__5601__auto__$jscomp$inline_1599:sh
method_table__5599__auto__$jscomp$inline_1597:kh
module$contents$goog$array_defaultCompare:bh
module$contents$goog$array_sort:Tg
module$contents$goog$array_stableSort:Bh
module$contents$goog$object_PROTOTYPE_FIELDS:ka
module$contents$goog$object_extend:la
module$contents$goog$object_get:ja
module$contents$goog$object_getKeys:ia
module$node_modules$$opencode_ai$sdk$dist$client:qy
module$node_modules$react$index:wm
module$node_modules$react_dom$client:vo
opencode_unified$buffers$activate_buffer_BANG_:dy
opencode_unified$buffers$buffer_id_counter:Mo
opencode_unified$buffers$close_buffer:No
opencode_unified$buffers$create_buffer$cljs$0core$0IFn$0_invoke$0arity$0variadic:ux
opencode_unified$buffers$delete_char:ap
opencode_unified$buffers$delete_line:bp
opencode_unified$buffers$delete_selection:gp
opencode_unified$buffers$editor:np
opencode_unified$buffers$enter_normal_mode:hp
opencode_unified$buffers$enter_visual_line_mode:jp
opencode_unified$buffers$enter_visual_mode:ip
opencode_unified$buffers$error_message:Zx
opencode_unified$buffers$exit_visual_mode:kp
opencode_unified$buffers$extend_selection_down:fp
opencode_unified$buffers$extend_selection_left:cp
opencode_unified$buffers$extend_selection_right:dp
opencode_unified$buffers$extend_selection_up:ep
opencode_unified$buffers$find_file:hy
opencode_unified$buffers$find_next_word_boundary:Mx
opencode_unified$buffers$find_open_buffer_id:cy
opencode_unified$buffers$find_prev_word_boundary:Nx
opencode_unified$buffers$get_line_content:So
opencode_unified$buffers$get_line_range:Uo
opencode_unified$buffers$handle_normal_mode_key:lp
opencode_unified$buffers$handle_visual_mode_key:mp
opencode_unified$buffers$language_for_path:$x
opencode_unified$buffers$line_col_to_pos:Ro
opencode_unified$buffers$list_buffers:gy
opencode_unified$buffers$move_cursor_down:Yo
opencode_unified$buffers$move_cursor_left:Vo
opencode_unified$buffers$move_cursor_right:Wo
opencode_unified$buffers$move_cursor_up:Xo
opencode_unified$buffers$move_to_line_end:$o
opencode_unified$buffers$move_to_line_start:Zo
opencode_unified$buffers$open_file:Oo
opencode_unified$buffers$pos_to_line_col:Qo
opencode_unified$buffers$save_current_buffer:ey
opencode_unified$buffers$save_current_buffer_as:fy
opencode_unified$buffers$switch_buffer:Po
opencode_unified$buffers$update_status_BANG_:ay
opencode_unified$buffers$update_statusbar:by
opencode_unified$command_palette$clear_confirmation_BANG_:av
opencode_unified$command_palette$close_BANG_:Uu
opencode_unified$command_palette$coerce_palette_state:xi
opencode_unified$command_palette$command_palette:fv
opencode_unified$command_palette$command_registry:oi
opencode_unified$command_palette$confirm_destructive_BANG_:bv
opencode_unified$command_palette$default_palette_state:yi
opencode_unified$command_palette$emit_feedback_BANG_:Tu
opencode_unified$command_palette$ensure_palette_state_BANG_:jv
opencode_unified$command_palette$error_message:qv
opencode_unified$command_palette$execute_BANG_:$u
opencode_unified$command_palette$execute_sync_BANG_:Yu
opencode_unified$command_palette$execute_unsafe_BANG_:Zu
opencode_unified$command_palette$filtered_commands:Xu
opencode_unified$command_palette$focus_input_BANG_:Vu
opencode_unified$command_palette$handle_palette_keydown_BANG_:ev
opencode_unified$command_palette$init_BANG_:mv
opencode_unified$command_palette$normalize_command:kv
opencode_unified$command_palette$open_BANG_:Wu
opencode_unified$command_palette$palette_state:nv
opencode_unified$command_palette$register_commands_BANG_:lv
opencode_unified$command_palette$select_next_BANG_:cv
opencode_unified$command_palette$select_prev_BANG_:dv
opencode_unified$command_palette$update_palette_BANG_:Ru
opencode_unified$command_palette$update_palette_BANG_$cljs$0core$0IFn$0_invoke$0arity$0variadic:Su
opencode_unified$env$electron_QMARK_:Bo
opencode_unified$evil$beginning_of_buffer:Vx
opencode_unified$evil$beginning_of_line:Tx
opencode_unified$evil$delete_line:ly
opencode_unified$evil$delete_selection:oy
opencode_unified$evil$end_of_buffer:iy
opencode_unified$evil$end_of_line:Ux
opencode_unified$evil$enter_insert_mode:Ox
opencode_unified$evil$enter_normal_mode:yp
opencode_unified$evil$enter_visual_line_mode:Ap
opencode_unified$evil$enter_visual_mode:zp
opencode_unified$evil$exit_visual_mode:Bp
opencode_unified$evil$extend_selection:ny
opencode_unified$evil$move_cursor:Px
opencode_unified$evil$open_line_above:ky
opencode_unified$evil$open_line_below:jy
opencode_unified$evil$paste_register:my
opencode_unified$evil$set_mode_BANG_:wp
opencode_unified$evil$update_statusbar:xp
opencode_unified$evil$word_backward:Sx
opencode_unified$evil$word_forward:Qx
opencode_unified$evil$yank_selection:py
opencode_unified$keymap$clear_key_sequence:Jp
opencode_unified$keymap$evil_keybindings:Hp
opencode_unified$keymap$execute_binding:Mp
opencode_unified$keymap$find_binding:Lp
opencode_unified$keymap$global_keybindings:Qp
opencode_unified$keymap$handle_key_down:Op
opencode_unified$keymap$handle_key_up:Pp
opencode_unified$keymap$init:Rp
opencode_unified$keymap$key_sequence:Ep
opencode_unified$keymap$key_timeout:Fp
opencode_unified$keymap$modifier_keys:Cp
opencode_unified$keymap$normalize_key:Ip
opencode_unified$keymap$set_key_timeout:Kp
opencode_unified$keymap$show_which_key:Np
opencode_unified$keymap$spacemacs_keybindings:Gp
opencode_unified$keymap$special_keys:Dp
opencode_unified$layout$activity_list:Fv
opencode_unified$layout$chatgpt_import_panel:Lx
opencode_unified$layout$command_palette:up
opencode_unified$layout$docs_route:Aw
opencode_unified$layout$header:op
opencode_unified$layout$inspector_pane:It
opencode_unified$layout$left_sidebar:pp
opencode_unified$layout$minimap:vp
opencode_unified$layout$paginate_items:jw
opencode_unified$layout$pagination_controls:kw
opencode_unified$layout$pinned_card_testid:Qw
opencode_unified$layout$pinned_tab_testid:Pw
opencode_unified$layout$resizable_pane:Gt
opencode_unified$layout$search_content:Gv
opencode_unified$layout$search_surface:ru
opencode_unified$layout$selection_result_testid:Ow
opencode_unified$layout$settings_route:Bw
opencode_unified$layout$shell:Jt
opencode_unified$layout$status_bar:sp
opencode_unified$layout$tab_bar:qp
opencode_unified$layout$testid_safe:Nw
opencode_unified$layout$which_key_popup:tp
opencode_unified$layout$workflow_nav:Ht
opencode_unified$main$init:Aq
opencode_unified$opencode$connect_to_opencode:hq
opencode_unified$opencode$create_session:wy
opencode_unified$opencode$disconnect_from_opencode:iq
opencode_unified$opencode$ensure_client:ry
opencode_unified$opencode$ensure_session_id_BANG_:vy
opencode_unified$opencode$execute_tool:kq
opencode_unified$opencode$execute_tool$cljs$0core$0IFn$0_invoke$0arity$0variadic:lq
opencode_unified$opencode$init_opencode:rq
opencode_unified$opencode$list_available_tools:jq
opencode_unified$opencode$opencode_commands:pq
opencode_unified$opencode$opencode_state:dq
opencode_unified$opencode$opencode_write_file:nq
opencode_unified$opencode$response_error:ty
opencode_unified$opencode$save_buffer_with_opencode:oq
opencode_unified$opencode$sdk_response__GT_result:sy
opencode_unified$opencode$session_id_from:uy
opencode_unified$opencode$setup_opencode_auto_save:qq
opencode_unified$opencode$spawn_agent:mq
opencode_unified$opencode$spawn_agent$cljs$0core$0IFn$0_invoke$0arity$0variadic:xy
opencode_unified$opencode$tool_executions:eq
opencode_unified$openplanner$classify_event_type:xx
opencode_unified$openplanner$load_sessions_activity:Ax
opencode_unified$openplanner$parse_ts:vx
opencode_unified$openplanner$relative_time:wx
opencode_unified$openplanner$request_json$cljs$0core$0IFn$0_invoke$0arity$03:zx
opencode_unified$openplanner$runtime_config:yx
opencode_unified$openplanner$search_activity:Bx
opencode_unified$persistence$load_state:Ft
opencode_unified$persistence$save_state_BANG_:Et
opencode_unified$plugins$activate_plugin:yq
opencode_unified$plugins$discover_plugins:yy
opencode_unified$plugins$execute_hook$cljs$0core$0IFn$0_invoke$0arity$0variadic:wq
opencode_unified$plugins$hook_types:tq
opencode_unified$plugins$initialize_plugin_system:zq
opencode_unified$plugins$load_plugin:xq
opencode_unified$plugins$plugin_state:sq
opencode_unified$plugins$register_plugin_hooks:vq
opencode_unified$plugins$validate_plugin:uq
opencode_unified$react_reagent_seam$create_adapter:Yq
opencode_unified$react_reagent_seam$donor_panel:Zq
opencode_unified$react_reagent_seam$react_host_route:$q
opencode_unified$react_reagent_seam$spike_route_QMARK_:Wq
opencode_unified$state$add_buffer_BANG_:tx
opencode_unified$state$app_state:zg
opencode_unified$state$apply_chatgpt_job_status_BANG_:Ix
opencode_unified$state$chatgpt_job_poller:Dx
opencode_unified$state$create_buffer$cljs$0core$0IFn$0_invoke$0arity$0variadic:sx
opencode_unified$state$default_activity_items:Cx
opencode_unified$state$focus_search_input_BANG_:gv
opencode_unified$state$get_activity_items:Ev
opencode_unified$state$get_chatgpt_import_state:Hx
opencode_unified$state$get_current_buffer:Do
opencode_unified$state$get_evil_mode:Go
opencode_unified$state$get_inspector_state:iw
opencode_unified$state$get_search_state:qu
opencode_unified$state$hide_which_key_BANG_:Jo
opencode_unified$state$inspector_context_failure_QMARK_:Sw
opencode_unified$state$inspector_entity_key:Iw
opencode_unified$state$inspector_entity_pinned_QMARK_:Mw
opencode_unified$state$load_openplanner_activity_BANG_$cljs$0core$0IFn$0_invoke$0arity$01:Fx
opencode_unified$state$pin_selected_inspector_entity_BANG_:Jw
opencode_unified$state$poll_chatgpt_job_BANG_:Jx
opencode_unified$state$retry_inspector_context_BANG_:Tw
opencode_unified$state$set_active_inspector_pinned_BANG_:Lw
opencode_unified$state$set_chatgpt_import_file_path_BANG_:Gx
opencode_unified$state$set_evil_mode_BANG_:Fo
opencode_unified$state$set_evil_register_BANG_:Ko
opencode_unified$state$set_inspector_selection_BANG_:hw
opencode_unified$state$set_search_filter_BANG_:Dv
opencode_unified$state$set_search_page_BANG_:gw
opencode_unified$state$set_search_tab_BANG_:pu
opencode_unified$state$set_search_view_BANG_:fw
opencode_unified$state$show_which_key_BANG_:Io
opencode_unified$state$start_chatgpt_import_BANG_$cljs$0core$0IFn$0_invoke$0arity$01:Kx
opencode_unified$state$stop_chatgpt_job_poll_BANG_:Ex
opencode_unified$state$unpin_inspector_entity_BANG_:Kw
opencode_unified$state$update_current_buffer_BANG_:Eo
opencode_unified$state$update_statusbar_BANG_:Ho
opencode_unified$theme$global_styles:Kt
opencode_unified$ui$app:yo
opencode_unified$ui$clear:cq
opencode_unified$ui$current_route:Xq
opencode_unified$ui$donor_fallback_route:Vw
opencode_unified$ui$init:aq
opencode_unified$ui$reload:bq
opencode_unified$ui$route_listener_installed_QMARK_:ar
opencode_unified$ui$seam_enabled_QMARK_:Uw
opencode_unified$ui$sync_route_BANG_:br
opencode_unified$ui$ui_root:Tp
opencode_unified$workspace$request_json$cljs$0core$0IFn$0_invoke$0arity$03:Xx
opencode_unified$workspace$runtime_config:Wx
opencode_unified$workspace$write_file:Yx
opts$jscomp$inline_1023:cx
parse_fn$jscomp$inline_1026:kx
prefer_table__5600__auto__$jscomp$inline_1598:oh
reagent$core$atom$cljs$0core$0IFn$0_invoke$0arity$01:to
reagent$core$track:uo
reagent$dom$client$reagent_root:wo
reagent$dom$client$render$cljs$0core$0IFn$0_invoke$0arity$02:xo
reagent$dom$client$render$cljs$0core$0IFn$0_invoke$0arity$03:zo
reagent$impl$batching$RenderQueue:Wm
reagent$impl$batching$compare_mount_order:Sm
reagent$impl$batching$enqueue:Vm
reagent$impl$batching$fake_raf:Qm
reagent$impl$batching$mount_count:Pm
reagent$impl$batching$next_tick:Rm
reagent$impl$batching$queue_render:Ym
reagent$impl$batching$ratom_flush:Tm
reagent$impl$batching$render_queue:Xm
reagent$impl$batching$run_funs:Um
reagent$impl$component$_STAR_current_component_STAR_:yn
reagent$impl$component$built_in_static_method_names:Zf
reagent$impl$component$cache_react_class:Kn
reagent$impl$component$camelify_map_keys:Fn
reagent$impl$component$cljsify:In
reagent$impl$component$create_class:Jn
reagent$impl$component$custom_wrapper:Cn
reagent$impl$component$dash_to_method_name:En
reagent$impl$component$functional_render:Mn
reagent$impl$component$functional_render_fn:On
reagent$impl$component$functional_render_memo_fn:Nn
reagent$impl$component$functional_wrap_render:Ln
reagent$impl$component$map_to_js:Hn
reagent$impl$component$obligatory:Dn
reagent$impl$component$props_argv:zn
reagent$impl$component$rat_opts:xn
reagent$impl$component$reagent_class_QMARK_:An
reagent$impl$component$wrap_funs:Gn
reagent$impl$component$wrap_render:Bn
reagent$impl$input$_STAR_force_set_dom_value_STAR_:Qn
reagent$impl$input$input_component_set_value:Sn
reagent$impl$input$input_handle_change:Tn
reagent$impl$input$input_node_set_value:Rn
reagent$impl$input$input_render_setup:Un
reagent$impl$input$input_spec:Vn
reagent$impl$input$these_inputs_have_selection_api:Pn
reagent$impl$protocols$as_element:an
reagent$impl$protocols$get_id:Zm
reagent$impl$protocols$make_element:bn
reagent$impl$protocols$parse_tag:$m
reagent$impl$template$HiccupTag:fo
reagent$impl$template$_STAR_current_default_compiler_STAR_:oo
reagent$impl$template$cache_get:Yn
reagent$impl$template$convert_custom_prop_value:co
reagent$impl$template$convert_prop_value:$n
reagent$impl$template$custom_kv_conv:bo
reagent$impl$template$custom_prop_name_cache:ao
reagent$impl$template$expand_seq:lo
reagent$impl$template$function_element:ho
reagent$impl$template$kv_conv:Zn
reagent$impl$template$make_element:eo
reagent$impl$template$maybe_function_element:io
reagent$impl$template$native_element:ko
reagent$impl$template$prop_name_cache:Xn
reagent$impl$template$re_tag:Wn
reagent$impl$template$reag_element:go
reagent$impl$template$t_reagent$0impl$0template8675:no
reagent$impl$template$tag_name_cache:jo
reagent$impl$template$vec_to_elem:mo
reagent$impl$util$_STAR_always_update_STAR_:Mm
reagent$impl$util$capitalize:Hm
reagent$impl$util$class_names:Lm
reagent$impl$util$dash_to_prop_name:Im
reagent$impl$util$dont_camel_case:Gm
reagent$impl$util$fun_name:Jm
reagent$impl$util$get_react_key:Nm
reagent$impl$util$is_client:Fm
reagent$impl$util$named_QMARK_:Km
reagent$impl$util$react_key_from_vec:Om
reagent$ratom$RAtom:mn
reagent$ratom$Reaction:tn
reagent$ratom$Track:qn
reagent$ratom$_STAR_ratom_context_STAR_:dn
reagent$ratom$add_w:gn
reagent$ratom$atom:nn
reagent$ratom$cached_reaction:on
reagent$ratom$deref_capture:en
reagent$ratom$dispose_BANG_:rn
reagent$ratom$flush_BANG_:un
reagent$ratom$handle_reaction_change:sn
reagent$ratom$make_reaction:pn
reagent$ratom$notify_deref_watcher_BANG_:fn
reagent$ratom$notify_w:jn
reagent$ratom$pr_atom:kn
reagent$ratom$rea_queue:ln
reagent$ratom$remove_w:hn
reagent$ratom$run_in_reaction:wn
reagent$ratom$temp_reaction:vn
shadow$js$files:sm
shadow$js$jsRequire:vm
shadow$js$nativeProvides:tm
shadow$js$requireStack:um
